Component: ARM Compiler 5.06 update 7 (build 960) Tool: armlink [4d3601]

==============================================================================

Section Cross References

    main.o(i.HAL_TIM_PeriodElapsedCallback) refers to stm32f4xx_hal.o(i.HAL_IncTick) for HAL_IncTick
    main.o(i.HAL_TIM_PeriodElapsedCallback) refers to chassis_task.o(i.chassis_set_and_fdb_update) for chassis_set_and_fdb_update
    main.o(i.HAL_TIM_PeriodElapsedCallback) refers to tim.o(.data) for freertos_run_time
    main.o(i.HAL_TIM_PeriodElapsedCallback) refers to tim.o(.bss) for htim7
    main.o(i.HAL_TIM_PeriodElapsedCallback) refers to chassis_task.o(.bss) for chassis_pid
    main.o(i.SystemClock_Config) refers to memseta.o(.text) for __aeabi_memclr4
    main.o(i.SystemClock_Config) refers to stm32f4xx_hal_rcc.o(i.HAL_RCC_OscConfig) for HAL_RCC_OscConfig
    main.o(i.SystemClock_Config) refers to main.o(i.Error_Handler) for Error_Handler
    main.o(i.SystemClock_Config) refers to stm32f4xx_hal_pwr_ex.o(i.HAL_PWREx_EnableOverDrive) for HAL_PWREx_EnableOverDrive
    main.o(i.SystemClock_Config) refers to stm32f4xx_hal_rcc.o(i.HAL_RCC_ClockConfig) for HAL_RCC_ClockConfig
    main.o(i.main) refers to stm32f4xx_hal.o(i.HAL_Init) for HAL_Init
    main.o(i.main) refers to main.o(i.SystemClock_Config) for SystemClock_Config
    main.o(i.main) refers to gpio.o(i.MX_GPIO_Init) for MX_GPIO_Init
    main.o(i.main) refers to dma.o(i.MX_DMA_Init) for MX_DMA_Init
    main.o(i.main) refers to can.o(i.MX_CAN1_Init) for MX_CAN1_Init
    main.o(i.main) refers to can.o(i.MX_CAN2_Init) for MX_CAN2_Init
    main.o(i.main) refers to tim.o(i.MX_TIM7_Init) for MX_TIM7_Init
    main.o(i.main) refers to usart.o(i.MX_USART3_UART_Init) for MX_USART3_UART_Init
    main.o(i.main) refers to adc.o(i.MX_ADC1_Init) for MX_ADC1_Init
    main.o(i.main) refers to usart.o(i.MX_USART1_UART_Init) for MX_USART1_UART_Init
    main.o(i.main) refers to usart.o(i.MX_USART6_UART_Init) for MX_USART6_UART_Init
    main.o(i.main) refers to tim.o(i.MX_TIM3_Init) for MX_TIM3_Init
    main.o(i.main) refers to tim.o(i.freertos_run_tim3_configuration) for freertos_run_tim3_configuration
    main.o(i.main) refers to can.o(i.CAN_APP_INIT) for CAN_APP_INIT
    main.o(i.main) refers to oled.o(i.LED_Init) for LED_Init
    main.o(i.main) refers to delay.o(i.delay_init) for delay_init
    main.o(i.main) refers to cmsis_os2.o(i.osKernelInitialize) for osKernelInitialize
    main.o(i.main) refers to freertos.o(i.MX_FREERTOS_Init) for MX_FREERTOS_Init
    main.o(i.main) refers to cmsis_os2.o(i.osKernelStart) for osKernelStart
    gpio.o(i.Breathing_lamp) refers to uldiv.o(.text) for __aeabi_uldivmod
    gpio.o(i.Breathing_lamp) refers to tim.o(.data) for freertos_run_time
    gpio.o(i.MX_GPIO_Init) refers to memseta.o(.text) for __aeabi_memclr4
    gpio.o(i.MX_GPIO_Init) refers to stm32f4xx_hal_gpio.o(i.HAL_GPIO_WritePin) for HAL_GPIO_WritePin
    gpio.o(i.MX_GPIO_Init) refers to stm32f4xx_hal_gpio.o(i.HAL_GPIO_Init) for HAL_GPIO_Init
    freertos.o(i.MX_FREERTOS_Init) refers to cmsis_os2.o(i.osThreadNew) for osThreadNew
    freertos.o(i.MX_FREERTOS_Init) refers to freertos.o(.constdata) for defaultTask_attributes
    freertos.o(i.MX_FREERTOS_Init) refers to freertos.o(i.StartDefaultTask) for StartDefaultTask
    freertos.o(i.MX_FREERTOS_Init) refers to freertos.o(.data) for defaultTaskHandle
    freertos.o(i.MX_FREERTOS_Init) refers to start_task.o(i.start_task) for start_task
    freertos.o(i.StartDefaultTask) refers to cmsis_os2.o(i.osDelay) for osDelay
    freertos.o(i.configureTimerForRunTimeStats) refers to tim.o(i.MX_TIM3_Init) for MX_TIM3_Init
    freertos.o(i.configureTimerForRunTimeStats) refers to tim.o(.data) for freertos_run_time
    freertos.o(i.getRunTimeCounterValue) refers to tim.o(.data) for freertos_run_time
    freertos.o(.constdata) refers to freertos.o(.conststring) for .conststring
    adc.o(i.HAL_ADC_MspDeInit) refers to stm32f4xx_hal_gpio.o(i.HAL_GPIO_DeInit) for HAL_GPIO_DeInit
    adc.o(i.HAL_ADC_MspDeInit) refers to stm32f4xx_hal_cortex.o(i.HAL_NVIC_DisableIRQ) for HAL_NVIC_DisableIRQ
    adc.o(i.HAL_ADC_MspInit) refers to memseta.o(.text) for __aeabi_memclr4
    adc.o(i.HAL_ADC_MspInit) refers to stm32f4xx_hal_gpio.o(i.HAL_GPIO_Init) for HAL_GPIO_Init
    adc.o(i.HAL_ADC_MspInit) refers to stm32f4xx_hal_cortex.o(i.HAL_NVIC_SetPriority) for HAL_NVIC_SetPriority
    adc.o(i.HAL_ADC_MspInit) refers to stm32f4xx_hal_cortex.o(i.HAL_NVIC_EnableIRQ) for HAL_NVIC_EnableIRQ
    adc.o(i.MX_ADC1_Init) refers to stm32f4xx_hal_adc.o(i.HAL_ADC_Init) for HAL_ADC_Init
    adc.o(i.MX_ADC1_Init) refers to main.o(i.Error_Handler) for Error_Handler
    adc.o(i.MX_ADC1_Init) refers to stm32f4xx_hal_adc.o(i.HAL_ADC_ConfigChannel) for HAL_ADC_ConfigChannel
    adc.o(i.MX_ADC1_Init) refers to adc.o(.bss) for hadc1
    adc.o(i.get_adc1_value) refers to stm32f4xx_hal_adc.o(i.HAL_ADC_ConfigChannel) for HAL_ADC_ConfigChannel
[...]
    HAL_UART_RxHalfCpltCallback              0x08003cc7   Thumb Code     2  stm32f4xx_hal_uart.o(i.HAL_UART_RxHalfCpltCallback)
    HAL_UART_Transmit                        0x08003cc9   Thumb Code   216  stm32f4xx_hal_uart.o(i.HAL_UART_Transmit)
    HAL_UART_TxCpltCallback                  0x08003da1   Thumb Code     2  stm32f4xx_hal_uart.o(i.HAL_UART_TxCpltCallback)
    HardFault_Handler                        0x08003da3   Thumb Code     4  stm32f4xx_it.o(i.HardFault_Handler)
    LEDPIN_Init                              0x08003da9   Thumb Code   130  oled.o(i.LEDPIN_Init)
    LED_DLY_ms                               0x08003e45   Thumb Code    24  oled.o(i.LED_DLY_ms)
    LED_Fill                                 0x08003e5d   Thumb Code    58  oled.o(i.LED_Fill)
    LED_Init                                 0x08003e99   Thumb Code   146  oled.o(i.LED_Init)
    LED_P6x8Char                             0x08003f35   Thumb Code    74  oled.o(i.LED_P6x8Char)
    LED_P6x8Str                              0x08003f85   Thumb Code    96  oled.o(i.LED_P6x8Str)
    LED_PrintValueC                          0x08003fe9   Thumb Code   138  oled.o(i.LED_PrintValueC)
    LED_PrintValueF                          0x08004075   Thumb Code   642  oled.o(i.LED_PrintValueF)
    LED_PrintValueFP                         0x08004301   Thumb Code   294  oled.o(i.LED_PrintValueFP)
    LED_PrintValueI                          0x08004427   Thumb Code   216  oled.o(i.LED_PrintValueI)
    LED_Set_Pos                              0x080044ff   Thumb Code    36  oled.o(i.LED_Set_Pos)
    LED_WrCmd                                0x08004525   Thumb Code    70  oled.o(i.LED_WrCmd)
    LED_WrDat                                0x08004579   Thumb Code    72  oled.o(i.LED_WrDat)
    MX_ADC1_Init                             0x080045cd   Thumb Code   100  adc.o(i.MX_ADC1_Init)
    MX_CAN1_Init                             0x0800463d   Thumb Code    58  can.o(i.MX_CAN1_Init)
    MX_CAN2_Init                             0x08004681   Thumb Code    54  can.o(i.MX_CAN2_Init)
    MX_DMA_Init                              0x080046c1   Thumb Code    68  dma.o(i.MX_DMA_Init)
    MX_FREERTOS_Init                         0x08004709   Thumb Code    32  freertos.o(i.MX_FREERTOS_Init)
    MX_GPIO_Init                             0x08004741   Thumb Code   332  gpio.o(i.MX_GPIO_Init)
    MX_TIM3_Init                             0x0800489d   Thumb Code    98  tim.o(i.MX_TIM3_Init)
    MX_TIM7_Init                             0x08004909   Thumb Code    66  tim.o(i.MX_TIM7_Init)
    MX_USART1_UART_Init                      0x08004955   Thumb Code    46  usart.o(i.MX_USART1_UART_Init)
    MX_USART3_UART_Init                      0x0800498d   Thumb Code    46  usart.o(i.MX_USART3_UART_Init)
    MX_USART6_UART_Init                      0x080049c5   Thumb Code    46  usart.o(i.MX_USART6_UART_Init)
    MemManage_Handler                        0x080049fd   Thumb Code     4  stm32f4xx_it.o(i.MemManage_Handler)
    Motor_message                            0x08004a01   Thumb Code   162  gui_task.o(i.Motor_message)
    NMI_Handler                              0x08004af1   Thumb Code     4  stm32f4xx_it.o(i.NMI_Handler)
    PID_Calc                                 0x08004af5   Thumb Code   318  pid.o(i.PID_Calc)
    PID_Reset                                0x08004c35   Thumb Code    58  pid.o(i.PID_Reset)
    RC_abs                                   0x08004c75   Thumb Code    16  chassis_task.o(i.RC_abs)
    Robot_message                            0x08004c85   Thumb Code   190  gui_task.o(i.Robot_message)
    SetAddressingMode                        0x08004d91   Thumb Code    18  oled.o(i.SetAddressingMode)
    SetContrastControl                       0x08004da3   Thumb Code    18  oled.o(i.SetContrastControl)
    SetStartLine                             0x08004db5   Thumb Code    14  oled.o(i.SetStartLine)
    Set_Charge_Pump                          0x08004dc3   Thumb Code    20  oled.o(i.Set_Charge_Pump)
    Set_Common_Config                        0x08004dd7   Thumb Code    20  oled.o(i.Set_Common_Config)
    Set_Common_Remap                         0x08004deb   Thumb Code    14  oled.o(i.Set_Common_Remap)
    Set_Display_Clock                        0x08004df9   Thumb Code    18  oled.o(i.Set_Display_Clock)
    Set_Display_Offset                       0x08004e0b   Thumb Code    18  oled.o(i.Set_Display_Offset)
    Set_Display_On_Off                       0x08004e1d   Thumb Code    14  oled.o(i.Set_Display_On_Off)
    Set_Entire_Display                       0x08004e2b   Thumb Code    14  oled.o(i.Set_Entire_Display)
    Set_Inverse_Display                      0x08004e39   Thumb Code    14  oled.o(i.Set_Inverse_Display)
    Set_Multiplex_Ratio                      0x08004e47   Thumb Code    18  oled.o(i.Set_Multiplex_Ratio)
    Set_Precharge_Period                     0x08004e59   Thumb Code    18  oled.o(i.Set_Precharge_Period)
    Set_Segment_Remap                        0x08004e6b   Thumb Code    14  oled.o(i.Set_Segment_Remap)
    Set_VCOMH                                0x08004e79   Thumb Code    18  oled.o(i.Set_VCOMH)
    StartDefaultTask                         0x08004e8b   Thumb Code    10  freertos.o(i.StartDefaultTask)
    SysTick_Handler                          0x08004e95   Thumb Code    46  port.o(i.SysTick_Handler)
    SystemClock_Config                       0x08004ec9   Thumb Code   180  main.o(i.SystemClock_Config)
    SystemInit                               0x08004f85   Thumb Code    24  system_stm32f4xx.o(i.SystemInit)
    TIM1_UP_TIM10_IRQHandler                 0x08004fa1   Thumb Code    10  stm32f4xx_it.o(i.TIM1_UP_TIM10_IRQHandler)
    TIM3_IRQHandler                          0x08004fb1   Thumb Code    10  stm32f4xx_it.o(i.TIM3_IRQHandler)
    TIM7_IRQHandler                          0x08004fc1   Thumb Code    10  stm32f4xx_it.o(i.TIM7_IRQHandler)
    TIM_Base_SetConfig                       0x08004fd1   Thumb Code   170  stm32f4xx_hal_tim.o(i.TIM_Base_SetConfig)
    TIM_ETR_SetConfig                        0x080050a9   Thumb Code    22  stm32f4xx_hal_tim.o(i.TIM_ETR_SetConfig)
    UI_Char                                  0x0800578d   Thumb Code   224  test_task.o(i.UI_Char)
    UI_Char_ReFresh                          0x0800586d   Thumb Code   142  test_task.o(i.UI_Char_ReFresh)
    UI_Graphic_ReFresh                       0x08005915   Thumb Code   292  test_task.o(i.UI_Graphic_ReFresh)
    UI_Line                                  0x08005a49   Thumb Code   154  test_task.o(i.UI_Line)
    USART1_IRQHandler                        0x08005ae5   Thumb Code    10  stm32f4xx_it.o(i.USART1_IRQHandler)
    USART3_IRQHandler                        0x08005af5   Thumb Code    16  stm32f4xx_it.o(i.USART3_IRQHandler)
    USART6_IRQHandler                        0x08005b09   Thumb Code    10  stm32f4xx_it.o(i.USART6_IRQHandler)
    USAR_UART_IDLECallback                   0x08005b19   Thumb Code    82  usart.o(i.USAR_UART_IDLECallback)
    UsageFault_Handler                       0x08005b75   Thumb Code     4  stm32f4xx_it.o(i.UsageFault_Handler)
    Verify_CRC16_Check_Sum                   0x08005b79   Thumb Code    60  judge.o(i.Verify_CRC16_Check_Sum)
    Verify_CRC8_Check_Sum                    0x08005bb5   Thumb Code    48  judge.o(i.Verify_CRC8_Check_Sum)
    __0sprintf$3                             0x08005be5   Thumb Code    34  printf3.o(i.__0sprintf$3)
    __1sprintf$3                             0x08005be5   Thumb Code     0  printf3.o(i.__0sprintf$3)
    __2sprintf                               0x08005be5   Thumb Code     0  printf3.o(i.__0sprintf$3)
    __ARM_fpclassify                         0x08005c0d   Thumb Code    48  fpclassify.o(i.__ARM_fpclassify)
    __aeabi_errno_addr                       0x08005c75   Thumb Code     4  errno.o(i.__aeabi_errno_addr)
    __rt_errno_addr                          0x08005c75   Thumb Code     0  errno.o(i.__aeabi_errno_addr)
    __hardfp_cos                             0x08005c91   Thumb Code   180  cos.o(i.__hardfp_cos)
    __hardfp_sin                             0x08005d59   Thumb Code   180  sin.o(i.__hardfp_sin)
    __ieee754_rem_pio2                       0x08005e21   Thumb Code   938  rred.o(i.__ieee754_rem_pio2)
    __kernel_cos                             0x08006259   Thumb Code   322  cos_i.o(i.__kernel_cos)
    __kernel_poly                            0x080063c9   Thumb Code   248  poly.o(i.__kernel_poly)
    __kernel_sin                             0x080064c1   Thumb Code   280  sin_i.o(i.__kernel_sin)
    __mathlib_dbl_infnan                     0x080065f1   Thumb Code    20  dunder.o(i.__mathlib_dbl_infnan)
    __mathlib_dbl_invalid                    0x08006609   Thumb Code    24  dunder.o(i.__mathlib_dbl_invalid)
    __mathlib_dbl_underflow                  0x08006629   Thumb Code    24  dunder.o(i.__mathlib_dbl_underflow)
    __scatterload_copy                       0x08006649   Thumb Code    14  handlers.o(i.__scatterload_copy)
    __scatterload_null                       0x08006657   Thumb Code     2  handlers.o(i.__scatterload_null)
    __scatterload_zeroinit                   0x08006659   Thumb Code    14  handlers.o(i.__scatterload_zeroinit)
    __set_errno                              0x08006669   Thumb Code     6  errno.o(i.__set_errno)
    can1_message_progress                    0x08006839   Thumb Code    80  can1_app.o(i.can1_message_progress)
    can2_message_progress                    0x08006899   Thumb Code    84  can2_app.o(i.can2_message_progress)
    chassis_control_loop                     0x080068f5   Thumb Code   106  chassis_task.o(i.chassis_control_loop)
    chassis_forwardfeed                      0x0800695f   Thumb Code   192  chassis_task.o(i.chassis_forwardfeed)
    chassis_init                             0x08006a21   Thumb Code    94  chassis_task.o(i.chassis_init)
    chassis_pid_calculate                    0x08006b9d   Thumb Code   110  chassis_task.o(i.chassis_pid_calculate)
    chassis_pid_init                         0x08006c0d   Thumb Code    56  chassis_task.o(i.chassis_pid_init)
    chassis_set_and_fdb_update               0x08006c4d   Thumb Code   640  chassis_task.o(i.chassis_set_and_fdb_update)
    chassis_task                             0x08006f05   Thumb Code    68  chassis_task.o(i.chassis_task)
    configureTimerForRunTimeStats            0x08006f51   Thumb Code    16  freertos.o(i.configureTimerForRunTimeStats)
    connect_gyro_data_process                0x08006f65   Thumb Code    90  connect_task.o(i.connect_gyro_data_process)
    connect_init                             0x08006fbf   Thumb Code    30  connect_task.o(i.connect_init)
    connect_rc_ctrl_process                  0x08006fdd   Thumb Code    88  connect_task.o(i.connect_rc_ctrl_process)
    connect_task                             0x08007035   Thumb Code    26  connect_task.o(i.connect_task)
    delay_init                               0x08007059   Thumb Code    58  delay.o(i.delay_init)
    delay_ms                                 0x0800709d   Thumb Code    60  delay.o(i.delay_ms)
    delay_us                                 0x080070dd   Thumb Code    68  delay.o(i.delay_us)
    eTaskGetState                            0x08007125   Thumb Code   128  tasks.o(i.eTaskGetState)
    fabs                                     0x080071b9   Thumb Code    24  fabs.o(i.fabs)
    forwardfeed                              0x080071d1   Thumb Code   524  chassis_task.o(i.forwardfeed)
    freertos_run_tim3_configuration          0x08007459   Thumb Code    22  tim.o(i.freertos_run_tim3_configuration)
    getRunTimeCounterValue                   0x08007479   Thumb Code     8  freertos.o(i.getRunTimeCounterValue)
    get_adc1_value                           0x08007485   Thumb Code    52  adc.o(i.get_adc1_value)
    get_bullets_remaining                    0x080074bd   Thumb Code    32  judge.o(i.get_bullets_remaining)
    get_cm1_msg_point                        0x080074dd   Thumb Code     4  can1_app.o(i.get_cm1_msg_point)
    get_cm2_msg_point                        0x080074e5   Thumb Code     4  can1_app.o(i.get_cm2_msg_point)
    get_cm3_msg_point                        0x080074ed   Thumb Code     4  can1_app.o(i.get_cm3_msg_point)
    get_cm4_msg_point                        0x080074f5   Thumb Code     4  can1_app.o(i.get_cm4_msg_point)
    get_connect_data_point                   0x080074fd   Thumb Code     4  connect_task.o(i.get_connect_data_point)
    get_forward_back_value                   0x08007505   Thumb Code  1282  chassis_task.o(i.get_forward_back_value)
    get_game_status                          0x08007a11   Thumb Code   130  judge.o(i.get_game_status)
    get_power_heart                          0x08007a99   Thumb Code    88  judge.o(i.get_power_heart)
    get_rc_data_point                        0x08007af1   Thumb Code     4  remote_app.o(i.get_rc_data_point)
    get_referee_warning                      0x08007af9   Thumb Code    14  judge.o(i.get_referee_warning)
    get_robot_buff                           0x08007b07   Thumb Code    28  judge.o(i.get_robot_buff)
    get_robot_hurt                           0x08007b23   Thumb Code    24  judge.o(i.get_robot_hurt)
    get_robot_status                         0x08007b3b   Thumb Code    94  judge.o(i.get_robot_status)
    get_rotate_value                         0x08007b99   Thumb Code   508  chassis_task.o(i.get_rotate_value)
    get_shoot_infor                          0x08007dc1   Thumb Code    42  judge.o(i.get_shoot_infor)
    get_uiflag_to_chassis                    0x08007deb   Thumb Code    16  connect_task.o(i.get_uiflag_to_chassis)
    get_yaw_motor_msg_point                  0x08007dfd   Thumb Code     4  can2_app.o(i.get_yaw_motor_msg_point)
    hurt_init                                0x08007e05   Thumb Code    18  rule.o(i.hurt_init)
    key_scanf                                0x08007e1d   Thumb Code   150  adc.o(i.key_scanf)
    main                                     0x08007ecd   Thumb Code    82  main.o(i.main)
    osDelay                                  0x08007f21   Thumb Code    50  cmsis_os2.o(i.osDelay)
    osKernelInitialize                       0x08007f59   Thumb Code    58  cmsis_os2.o(i.osKernelInitialize)
    osKernelLock                             0x08007f99   Thumb Code    76  cmsis_os2.o(i.osKernelLock)
    osKernelStart                            0x08007fe9   Thumb Code    68  cmsis_os2.o(i.osKernelStart)
    osKernelUnlock                           0x08008031   Thumb Code    88  cmsis_os2.o(i.osKernelUnlock)
    osThreadGetId                            0x0800808d   Thumb Code    12  cmsis_os2.o(i.osThreadGetId)
    osThreadNew                              0x08008099   Thumb Code   208  cmsis_os2.o(i.osThreadNew)
    osThreadTerminate                        0x0800816d   Thumb Code    80  cmsis_os2.o(i.osThreadTerminate)
    power_message                            0x080081c1   Thumb Code   168  gui_task.o(i.power_message)
    process_judge_message                    0x080082a9   Thumb Code   288  judge.o(i.process_judge_message)
    pvPortMalloc                             0x08008e2d   Thumb Code   296  heap_4.o(i.pvPortMalloc)
    pxPortInitialiseStack                    0x08008f69   Thumb Code    38  port.o(i.pxPortInitialiseStack)
    rc_analoy_key_init                       0x08008f95   Thumb Code    24  gui_task.o(i.rc_analoy_key_init)
    robot_hurt_analysis                      0x08008fb1   Thumb Code    92  rule.o(i.robot_hurt_analysis)
    rotate_motion_mode_process               0x08009019   Thumb Code   552  chassis_task.o(i.rotate_motion_mode_process)
    send_shoot_17mm_data                     0x08009251   Thumb Code    80  can2_app.o(i.send_shoot_17mm_data)
    send_shoot_judge_data                    0x080092b1   Thumb Code   122  can2_app.o(i.send_shoot_judge_data)
    set_chassis_behaviour                    0x08009349   Thumb Code    72  can1_app.o(i.set_chassis_behaviour)
    set_chassis_stop                         0x0800939d   Thumb Code    54  can1_app.o(i.set_chassis_stop)
    shoot_message                            0x080093e1   Thumb Code   136  gui_task.o(i.shoot_message)
    start_task                               0x0800949d   Thumb Code    80  start_task.o(i.start_task)
    test_task                                0x0800951d   Thumb Code  1484  test_task.o(i.test_task)
    uxListRemove                             0x08009b19   Thumb Code    40  list.o(i.uxListRemove)
    vApplicationGetIdleTaskMemory            0x08009b41   Thumb Code    14  cmsis_os2.o(i.vApplicationGetIdleTaskMemory)
    vApplicationGetTimerTaskMemory           0x08009b59   Thumb Code    16  cmsis_os2.o(i.vApplicationGetTimerTaskMemory)
    vListInitialise                          0x08009b71   Thumb Code    26  list.o(i.vListInitialise)
    vListInitialiseItem                      0x08009b8b   Thumb Code     6  list.o(i.vListInitialiseItem)
    vListInsert                              0x08009b91   Thumb Code    52  list.o(i.vListInsert)
    vListInsertEnd                           0x08009bc5   Thumb Code    24  list.o(i.vListInsertEnd)
    vPortEnterCritical                       0x08009bdd   Thumb Code    76  port.o(i.vPortEnterCritical)
    vPortExitCritical                        0x08009c31   Thumb Code    56  port.o(i.vPortExitCritical)
    vPortFree                                0x08009c6d   Thumb Code   140  heap_4.o(i.vPortFree)
    vPortSetupTimerInterrupt                 0x08009d01   Thumb Code    36  port.o(i.vPortSetupTimerInterrupt)
    vPortValidateInterruptPriority           0x08009d29   Thumb Code   106  port.o(i.vPortValidateInterruptPriority)
    vQueueAddToRegistry                      0x08009da1   Thumb Code    38  queue.o(i.vQueueAddToRegistry)
    vQueueWaitForMessageRestricted           0x08009dcd   Thumb Code    74  queue.o(i.vQueueWaitForMessageRestricted)
    vTaskDelay                               0x08009e19   Thumb Code    82  tasks.o(i.vTaskDelay)
    vTaskDelayUntil                          0x08009e75   Thumb Code   200  tasks.o(i.vTaskDelayUntil)
    vTaskDelete                              0x08009f49   Thumb Code   168  tasks.o(i.vTaskDelete)
    vTaskInternalSetTimeOutState             0x0800a011   Thumb Code    14  tasks.o(i.vTaskInternalSetTimeOutState)
    vTaskMissedYield                         0x0800a029   Thumb Code     8  tasks.o(i.vTaskMissedYield)
    vTaskPlaceOnEventList                    0x0800a035   Thumb Code    52  tasks.o(i.vTaskPlaceOnEventList)
    vTaskPlaceOnEventListRestricted          0x0800a06d   Thumb Code    60  tasks.o(i.vTaskPlaceOnEventListRestricted)
    vTaskStartScheduler                      0x0800a0ad   Thumb Code   160  tasks.o(i.vTaskStartScheduler)
    vTaskSuspendAll                          0x0800a169   Thumb Code    12  tasks.o(i.vTaskSuspendAll)
    vTaskSwitchContext                       0x0800a179   Thumb Code   176  tasks.o(i.vTaskSwitchContext)
    xPortStartScheduler                      0x0800a245   Thumb Code   330  port.o(i.xPortStartScheduler)
    xQueueGenericCreateStatic                0x0800a3ad   Thumb Code   224  queue.o(i.xQueueGenericCreateStatic)
    xQueueGenericReset                       0x0800a48d   Thumb Code   146  queue.o(i.xQueueGenericReset)
    xQueueGenericSend                        0x0800a525   Thumb Code   420  queue.o(i.xQueueGenericSend)
    xQueueGenericSendFromISR                 0x0800a6cd   Thumb Code   248  queue.o(i.xQueueGenericSendFromISR)
    xQueueReceive                            0x0800a7c5   Thumb Code   356  queue.o(i.xQueueReceive)
    xTaskCheckForTimeOut                     0x0800a92d   Thumb Code   156  tasks.o(i.xTaskCheckForTimeOut)
    xTaskCreate                              0x0800a9d5   Thumb Code   100  tasks.o(i.xTaskCreate)
    xTaskCreateStatic                        0x0800aa39   Thumb Code   186  tasks.o(i.xTaskCreateStatic)
    xTaskGetCurrentTaskHandle                0x0800aaf5   Thumb Code     6  tasks.o(i.xTaskGetCurrentTaskHandle)
    xTaskGetSchedulerState                   0x0800ab01   Thumb Code    24  tasks.o(i.xTaskGetSchedulerState)
    xTaskGetTickCount                        0x0800ab21   Thumb Code     6  tasks.o(i.xTaskGetTickCount)
    xTaskIncrementTick                       0x0800ab2d   Thumb Code   280  tasks.o(i.xTaskIncrementTick)
    xTaskPriorityDisinherit                  0x0800ac71   Thumb Code   152  tasks.o(i.xTaskPriorityDisinherit)
    xTaskRemoveFromEventList                 0x0800ad15   Thumb Code   126  tasks.o(i.xTaskRemoveFromEventList)
    xTaskResumeAll                           0x0800adad   Thumb Code   222  tasks.o(i.xTaskResumeAll)
    xTimerCreateTimerTask                    0x0800aeb1   Thumb Code   100  timers.o(i.xTimerCreateTimerTask)
    xTimerGenericCommand                     0x0800af29   Thumb Code   128  timers.o(i.xTimerGenericCommand)
    defaultTask_attributes                   0x0800b0c0   Data          36  freertos.o(.constdata)
    Start_Task_attr                          0x0800b0e4   Data          36  freertos.o(.constdata)
    AHBPrescTable                            0x0800b110   Data          16  system_stm32f4xx.o(.constdata)
    APBPrescTable                            0x0800b120   Data           8  system_stm32f4xx.o(.constdata)
    F6x8                                     0x0800b128   Data         552  oled.o(.constdata)
    F14x16_Idx                               0x0800b350   Data           1  oled.o(.constdata)
    F14x16                                   0x0800b351   Data           1  oled.o(.constdata)
    F8X16                                    0x0800b352   Data        1520  oled.o(.constdata)
    CRC8_INIT                                0x0800b942   Data           1  judge.o(.constdata)
    CRC8_TAB                                 0x0800b943   Data         256  judge.o(.constdata)
    CRC_INIT                                 0x0800ba44   Data           2  judge.o(.constdata)
    wCRC_Table                               0x0800ba46   Data         512  judge.o(.constdata)
    chassis_task_attr                        0x0800bc48   Data          36  start_task.o(.constdata)
    connect_task_attr                        0x0800bc6c   Data          36  start_task.o(.constdata)
    GUI_task_attr                            0x0800bc90   Data          36  start_task.o(.constdata)
    test_task_attr                           0x0800bcb4   Data          36  start_task.o(.constdata)
    __ctype_table                            0x0800bdf8   Data         129  ctype_o.o(.constdata)
    Region$$Table$$Base                      0x0800bed0   Number         0  anon$$obj.o(Region$$Table)
    Region$$Table$$Limit                     0x0800bef0   Number         0  anon$$obj.o(Region$$Table)
    defaultTaskHandle                        0x20000000   Data           4  freertos.o(.data)
    Start_Task_Handler                       0x20000004   Data           4  freertos.o(.data)
    range                                    0x20000008   Data           2  adc.o(.data)
    key_release_val                          0x2000000a   Data           2  adc.o(.data)
    key_up_val                               0x2000000c   Data           2  adc.o(.data)
    key_down_val                             0x2000000e   Data           2  adc.o(.data)
    key_left_val                             0x20000010   Data           2  adc.o(.data)
    key_right_val                            0x20000012   Data           2  adc.o(.data)
    key_center_val                           0x20000014   Data           2  adc.o(.data)
    can1_rx_data                             0x20000018   Data           8  can.o(.data)
    can1_tx_data                             0x20000020   Data           8  can.o(.data)
    can2_rx_data                             0x20000028   Data           8  can.o(.data)
    can2_tx_data                             0x20000030   Data           8  can.o(.data)
    freertos_run_time                        0x20000040   Data           8  tim.o(.data)
    uwTick                                   0x20000048   Data           4  stm32f4xx_hal.o(.data)
    uwTickPrio                               0x2000004c   Data           4  stm32f4xx_hal.o(.data)
    uwTickFreq                               0x20000050   Data           1  stm32f4xx_hal.o(.data)
    SystemCoreClock                          0x20000054   Data           4  system_stm32f4xx.o(.data)
    pxCurrentTCB                             0x20000058   Data           4  tasks.o(.data)
    cali_chassis_pid                         0x200000dc   Data          48  pid.o(.data)
    referee_warning                          0x2000010c   Data           3  judge.o(.data)
    robot_buff                               0x2000010f   Data           6  judge.o(.data)
    robot_hurt                               0x20000115   Data           1  judge.o(.data)
    shoot_data                               0x20000116   Data           7  judge.o(.data)
    bullets_remaining                        0x2000011d   Data           6  judge.o(.data)
    last_in                                  0x20000124   Data           4  chassis_task.o(.data)
    T                                        0x20000128   Data           4  chassis_task.o(.data)
    out                                      0x2000012c   Data           4  chassis_task.o(.data)
    CHASSIS_RC_CTRL_SPPED_MAX_FACT           0x20000130   Data           4  chassis_task.o(.data)
    speed                                    0x20000134   Data           2  chassis_task.o(.data)
    speed_max                                0x20000136   Data           2  chassis_task.o(.data)
    SPORT_ROTATE_DECREASE                    0x20000138   Data           2  chassis_task.o(.data)
    open_num                                 0x2000013a   Data           2  chassis_task.o(.data)
    move_rotate_drop                         0x2000013c   Data           2  chassis_task.o(.data)
    num1                                     0x20000140   Data           4  chassis_task.o(.data)
    speed1                                   0x20000144   Data           4  chassis_task.o(.data)
    num2                                     0x20000148   Data           4  chassis_task.o(.data)
    speed_min                                0x2000014c   Data           4  chassis_task.o(.data)
    key_open_flag                            0x20000150   Data           1  chassis_task.o(.data)
    last_key_open_flag                       0x20000151   Data           1  chassis_task.o(.data)
    move_key_open_flag                       0x20000152   Data           1  chassis_task.o(.data)
    trigger_key                              0x20000153   Data           1  chassis_task.o(.data)
    last_key                                 0x20000154   Data           1  chassis_task.o(.data)
    speed_factor1                            0x20000158   Data           4  chassis_task.o(.data)
    speed_factor2                            0x2000015c   Data           4  chassis_task.o(.data)
    speed_factor3                            0x20000160   Data           4  chassis_task.o(.data)
    rotate_add_w                             0x20000164   Data           4  chassis_task.o(.data)
    rotate_add_s                             0x20000168   Data           4  chassis_task.o(.data)
    rotate_add_a                             0x2000016c   Data           4  chassis_task.o(.data)
    rotate_add_d                             0x20000170   Data           4  chassis_task.o(.data)
    last_yaw_set                             0x20000174   Data           4  chassis_task.o(.data)
    yaw_raw                                  0x20000178   Data           2  chassis_task.o(.data)
    delta_yaw                                0x2000017a   Data           2  chassis_task.o(.data)
    rotate_min                               0x2000017c   Data           2  chassis_task.o(.data)
    rotate_max                               0x2000017e   Data           2  chassis_task.o(.data)
    ROTATE_BASE_SPEED                        0x20000180   Data           2  chassis_task.o(.data)
    ROTATE_BUFF_SPEED                        0x20000182   Data           2  chassis_task.o(.data)
    first_rotate                             0x20000184   Data           2  chassis_task.o(.data)
    avge_rotate                              0x20000186   Data           2  chassis_task.o(.data)
    key_trigger_num                          0x20000188   Data           2  chassis_task.o(.data)
    rotate_tend                              0x2000018a   Data           1  chassis_task.o(.data)
    speed_factor0                            0x2000018c   Data           4  chassis_task.o(.data)
    speed_factor1_add                        0x20000190   Data           4  chassis_task.o(.data)
    rotate_decrease                          0x20000194   Data           4  chassis_task.o(.data)
    rotate_decrease_x2                       0x20000198   Data           4  chassis_task.o(.data)
    rotate_decrease_y2                       0x2000019c   Data           4  chassis_task.o(.data)
    key_num                                  0x200001a0   Data           1  gui_task.o(.data)
    chassis_task_Handler                     0x200001a4   Data           4  start_task.o(.data)
    connect_task_Handler                     0x200001a8   Data           4  start_task.o(.data)
    GUI_task_Handler                         0x200001ac   Data           4  start_task.o(.data)
    test_task_Handler                        0x200001b0   Data           4  start_task.o(.data)
    UI_Seq                                   0x200001b4   Data           1  test_task.o(.data)
    client_Data                              0x200001b8   Data           4  test_task.o(.data)
    string_data                              0x200001bc   Data           4  test_task.o(.data)
    y01                                      0x200001c0   Data           2  test_task.o(.data)
    y02                                      0x200001c2   Data           2  test_task.o(.data)
    y03                                      0x200001c4   Data           2  test_task.o(.data)
    y04                                      0x200001c6   Data           2  test_task.o(.data)
    UI_PushUp_Counter                        0x200001c8   Data           2  test_task.o(.data)
    UI_Capacitance                           0x200001ca   Data           1  test_task.o(.data)
    Capacitance_X                            0x200001cc   Data           4  test_task.o(.data)
    X                                        0x200001d0   Data           4  test_task.o(.data)
    a                                        0x200001d4   Data           4  test_task.o(.data)
    hadc1                                    0x200001e0   Data          72  adc.o(.bss)
    can1_rx_header                           0x20000228   Data          28  can.o(.bss)
    can1_tx_header                           0x20000244   Data          24  can.o(.bss)
    can2_rx_header                           0x2000025c   Data          28  can.o(.bss)
    can2_tx_header                           0x20000278   Data          24  can.o(.bss)
    hcan1                                    0x20000290   Data          40  can.o(.bss)
    hcan2                                    0x200002b8   Data          40  can.o(.bss)
    htim3                                    0x200002e0   Data          64  tim.o(.bss)
    htim7                                    0x20000320   Data          64  tim.o(.bss)
    huart1                                   0x20000360   Data          64  usart.o(.bss)
    huart3                                   0x200003a0   Data          64  usart.o(.bss)
    huart6                                   0x200003e0   Data          64  usart.o(.bss)
    hdma_usart3_rx                           0x20000420   Data          96  usart.o(.bss)
    hdma_usart3_tx                           0x20000480   Data          96  usart.o(.bss)
    usart3_rx_data                           0x200004e0   Data         128  usart.o(.bss)
    htim1                                    0x20000560   Data          64  stm32f4xx_hal_timebase_tim.o(.bss)
    xQueueRegistry                           0x200005a0   Data          64  queue.o(.bss)
    cm1_msg                                  0x20004e84   Data          84  can1_app.o(.bss)
    cm2_msg                                  0x20004ed8   Data          84  can1_app.o(.bss)
    cm3_msg                                  0x20004f2c   Data          84  can1_app.o(.bss)
    cm4_msg                                  0x20004f80   Data          84  can1_app.o(.bss)
    yaw_motor_msg                            0x20004fd4   Data          84  can2_app.o(.bss)
    judge_manegement                         0x20005028   Data          39  judge.o(.bss)
    game_status                              0x2000504f   Data          11  judge.o(.bss)
    robot_status                             0x2000505a   Data          13  judge.o(.bss)
    power_heat                               0x20005067   Data          16  judge.o(.bss)
    rc_ctrl_data                             0x20005078   Data          24  remote_app.o(.bss)
    Infantry                                 0x20005090   Data          20  rule.o(.bss)
    chassis_control_data                     0x200050a4   Data         108  chassis_task.o(.bss)
    chassis_pid                              0x20005110   Data         360  chassis_task.o(.bss)
    connect_data                             0x20005278   Data          40  connect_task.o(.bss)
    rc_analog_key                            0x200052a0   Data          12  gui_task.o(.bss)
    task_ch                                  0x200052ac   Data         400  gui_task.o(.bss)
    ShowData                                 0x2000543c   Data         122  test_task.o(.bss)
    CliendTxBuffer                           0x200054b6   Data         200  test_task.o(.bss)
    G1                                       0x2000557e   Data          15  test_task.o(.bss)
    G2                                       0x2000558d   Data          15  test_task.o(.bss)
    G3                                       0x2000559c   Data          15  test_task.o(.bss)
    G4                                       0x200055ab   Data          45  test_task.o(.bss)
    G5                                       0x200055d8   Data          15  test_task.o(.bss)
    UI_Graph7                                0x200055e7   Data         233  test_task.o(.bss)
    G10                                      0x200056d0   Data          15  test_task.o(.bss)
    G11                                      0x200056df   Data          15  test_task.o(.bss)
    G12                                      0x200056ee   Data          15  test_task.o(.bss)
    G13                                      0x200056fd   Data          15  test_task.o(.bss)
    G14                                      0x2000570c   Data          15  test_task.o(.bss)
    G15                                      0x2000571b   Data          15  test_task.o(.bss)
    G16                                      0x2000572a   Data          15  test_task.o(.bss)
    G20                                      0x20005739   Data          15  test_task.o(.bss)
    G21                                      0x20005748   Data          15  test_task.o(.bss)
    G22                                      0x20005757   Data          15  test_task.o(.bss)
    G23                                      0x20005766   Data          15  test_task.o(.bss)
    G24                                      0x20005775   Data          15  test_task.o(.bss)
    C1                                       0x20005784   Data          45  test_task.o(.bss)
    C2                                       0x200057b1   Data          45  test_task.o(.bss)
    __initial_sp                             0x20005be0   Data           0  startup_stm32f427xx.o(STACK)



==============================================================================

Memory Map of the image

  Image Entry point : 0x080001ad

  Load Region LR_IROM1 (Base: 0x08000000, Size: 0x0000c0d0, Max: 0x00200000, ABSOLUTE, COMPRESSED[0x0000bf78])

    Execution Region ER_IROM1 (Exec base: 0x08000000, Load base: 0x08000000, Size: 0x0000bef0, Max: 0x00200000, ABSOLUTE)

    Exec Addr    Load Addr    Size         Type   Attr      Idx    E Section Name        Object

    0x08000000   0x08000000   0x000001ac   Data   RO         6833    RESET               startup_stm32f427xx.o
    0x080001ac   0x080001ac   0x00000000   Code   RO         6862  * .ARM.Collect$$$$00000000  mc_w.l(entry.o)
    0x080001ac   0x080001ac   0x00000004   Code   RO         7197    .ARM.Collect$$$$00000001  mc_w.l(entry2.o)
    0x080001b0   0x080001b0   0x00000004   Code   RO         7200    .ARM.Collect$$$$00000004  mc_w.l(entry5.o)
    0x080001b4   0x080001b4   0x00000000   Code   RO         7202    .ARM.Collect$$$$00000008  mc_w.l(entry7b.o)
    0x080001b4   0x080001b4   0x00000000   Code   RO         7204    .ARM.Collect$$$$0000000A  mc_w.l(entry8b.o)
    0x080001b4   0x080001b4   0x00000008   Code   RO         7205    .ARM.Collect$$$$0000000B  mc_w.l(entry9a.o)
    0x080001bc   0x080001bc   0x00000004   Code   RO         7212    .ARM.Collect$$$$0000000E  mc_w.l(entry12b.o)
    0x080001c0   0x080001c0   0x00000000   Code   RO         7207    .ARM.Collect$$$$0000000F  mc_w.l(entry10a.o)
    0x080001c0   0x080001c0   0x00000000   Code   RO         7209    .ARM.Collect$$$$00000011  mc_w.l(entry11a.o)
    0x080001c0   0x080001c0   0x00000004   Code   RO         7198    .ARM.Collect$$$$00002712  mc_w.l(entry2.o)
    0x080001c4   0x080001c4   0x000000be   Code   RO         5560    .emb_text           port.o
    0x08000282   0x08000282   0x00000002   PAD
    0x08000284   0x08000284   0x00000024   Code   RO         6834    .text               startup_stm32f427xx.o
    0x080002a8   0x080002a8   0x00000062   Code   RO         6865    .text               mc_w.l(uldiv.o)
    0x0800030a   0x0800030a   0x00000002   PAD
    0x0800030c   0x0800030c   0x00000024   Code   RO         6867    .text               mc_w.l(rand.o)
    0x08000330   0x08000330   0x00000024   Code   RO         6870    .text               mc_w.l(memcpya.o)
    0x08000354   0x08000354   0x00000024   Code   RO         6874    .text               mc_w.l(memseta.o)
    0x08000378   0x08000378   0x00000018   Code   RO         6876    .text               mc_w.l(strcat.o)
    0x08000390   0x08000390   0x0000001a   Code   RO         7145    .text               mc_w.l(atoi.o)
    0x080003aa   0x080003aa   0x0000014e   Code   RO         7147    .text               mf_w.l(dadd.o)
    0x080004f8   0x080004f8   0x000000e4   Code   RO         7149    .text               mf_w.l(dmul.o)
    0x080005dc   0x080005dc   0x000000de   Code   RO         7151    .text               mf_w.l(ddiv.o)
    0x080006ba   0x080006ba   0x00000022   Code   RO         7155    .text               mf_w.l(dflti.o)
    0x080006dc   0x080006dc   0x0000001a   Code   RO         7157    .text               mf_w.l(dfltui.o)
    0x080006f6   0x080006f6   0x0000003e   Code   RO         7159    .text               mf_w.l(dfixi.o)
    0x08000734   0x08000734   0x00000032   Code   RO         7161    .text               mf_w.l(dfixui.o)
    0x08000766   0x08000766   0x00000026   Code   RO         7163    .text               mf_w.l(f2d.o)
    0x0800078c   0x0800078c   0x00000030   Code   RO         7165    .text               mf_w.l(cdrcmple.o)
    0x080007bc   0x080007bc   0x00000038   Code   RO         7167    .text               mf_w.l(d2f.o)
    0x080007f4   0x080007f4   0x0000002c   Code   RO         7213    .text               mc_w.l(uidiv.o)
    0x08000820   0x08000820   0x0000001e   Code   RO         7215    .text               mc_w.l(llshl.o)
    0x0800083e   0x0800083e   0x00000020   Code   RO         7217    .text               mc_w.l(llushr.o)
    0x0800085e   0x0800085e   0x00000024   Code   RO         7219    .text               mc_w.l(llsshr.o)
    0x08000882   0x08000882   0x00000070   Code   RO         7228    .text               mc_w.l(strtol.o)
    0x080008f2   0x080008f2   0x00000000   Code   RO         7230    .text               mc_w.l(iusefp.o)
    0x080008f2   0x080008f2   0x0000006e   Code   RO         7231    .text               mf_w.l(fepilogue.o)
    0x08000960   0x08000960   0x000000ba   Code   RO         7233    .text               mf_w.l(depilogue.o)
    0x08000a1a   0x08000a1a   0x00000002   PAD
    0x08000a1c   0x08000a1c   0x00000024   Code   RO         7247    .text               mc_w.l(init.o)
    0x08000a40   0x08000a40   0x00000008   Code   RO         7249    .text               mc_w.l(ctype_o.o)
    0x08000a48   0x08000a48   0x0000009e   Code   RO         7277    .text               mc_w.l(_strtoul.o)
    0x08000ae6   0x08000ae6   0x0000001c   Code   RO         7279    .text               mc_w.l(_chval.o)
    0x08000b02   0x08000b02   0x00000056   Code   RO         7289    .text               mc_w.l(__dczerorl2.o)
    0x08000b58   0x08000b58   0x00000010   Code   RO          605    i.ADC_IRQHandler    stm32f4xx_it.o
    0x08000b68   0x08000b68   0x00000160   Code   RO          819    i.ADC_Init          stm32f4xx_hal_adc.o
    0x08000cc8   0x08000cc8   0x0000002c   Code   RO         6210    i.Append_CRC16_Check_Sum  judge.o
    0x08000cf4   0x08000cf4   0x00000026   Code   RO         6211    i.Append_CRC8_Check_Sum  judge.o
    0x08000d1a   0x08000d1a   0x00000004   Code   RO          606    i.BusFault_Handler  stm32f4xx_it.o
    0x08000d1e   0x08000d1e   0x00000002   PAD
    0x08000d20   0x08000d20   0x00000010   Code   RO          607    i.CAN1_RX0_IRQHandler  stm32f4xx_it.o
    0x08000d30   0x08000d30   0x00000010   Code   RO          608    i.CAN1_RX1_IRQHandler  stm32f4xx_it.o
    0x08000d40   0x08000d40   0x00000010   Code   RO          609    i.CAN1_TX_IRQHandler  stm32f4xx_it.o
    0x08000d50   0x08000d50   0x00000010   Code   RO          610    i.CAN2_RX0_IRQHandler  stm32f4xx_it.o
    0x08000d60   0x08000d60   0x00000010   Code   RO          611    i.CAN2_RX1_IRQHandler  stm32f4xx_it.o
    0x08000d70   0x08000d70   0x00000010   Code   RO          612    i.CAN2_TX_IRQHandler  stm32f4xx_it.o
    0x08000d80   0x08000d80   0x0000006c   Code   RO          398    i.CAN_APP_INIT      can.o
    0x08000dec   0x08000dec   0x00000010   Code   RO          613    i.DMA1_Stream1_IRQHandler  stm32f4xx_it.o
    0x08000dfc   0x08000dfc   0x00000010   Code   RO          614    i.DMA1_Stream3_IRQHandler  stm32f4xx_it.o
    0x08000e0c   0x08000e0c   0x00000034   Code   RO         1652    i.DMA_CalcBaseAndBitshift  stm32f4xx_hal_dma.o
    0x08000e40   0x08000e40   0x000000aa   Code   RO         1653    i.DMA_CheckFifoParam  stm32f4xx_hal_dma.o
    0x08000eea   0x08000eea   0x0000002c   Code   RO         1654    i.DMA_SetConfig     stm32f4xx_hal_dma.o
    0x08000f16   0x08000f16   0x00000002   Code   RO          615    i.DebugMon_Handler  stm32f4xx_it.o
    0x08000f18   0x08000f18   0x00000006   Code   RO            4    i.Error_Handler     main.o
    0x08000f1e   0x08000f1e   0x00000002   PAD
    0x08000f20   0x08000f20   0x00000158   Code   RO         6602    i.GUI_interaction   gui_task.o
    0x08001078   0x08001078   0x00000016   Code   RO         6603    i.GUI_task          gui_task.o
    0x0800108e   0x0800108e   0x00000002   PAD
    0x08001090   0x08001090   0x000000bc   Code   RO         6604    i.GYRO_ch23_message  gui_task.o
    0x0800114c   0x0800114c   0x00000034   Code   RO         6212    i.Get_CRC16_Check_Sum  judge.o
    0x08001180   0x08001180   0x00000024   Code   RO         6213    i.Get_CRC8_Check_Sum  judge.o
    0x080011a4   0x080011a4   0x00000002   Code   RO          990    i.HAL_ADCEx_InjectedConvCpltCallback  stm32f4xx_hal_adc_ex.o
    0x080011a6   0x080011a6   0x00000002   PAD
    0x080011a8   0x080011a8   0x000001a4   Code   RO          821    i.HAL_ADC_ConfigChannel  stm32f4xx_hal_adc.o
    0x0800134c   0x0800134c   0x00000002   Code   RO          822    i.HAL_ADC_ConvCpltCallback  stm32f4xx_hal_adc.o
    0x0800134e   0x0800134e   0x00000002   Code   RO          825    i.HAL_ADC_ErrorCallback  stm32f4xx_hal_adc.o
    0x08001350   0x08001350   0x00000008   Code   RO          828    i.HAL_ADC_GetValue  stm32f4xx_hal_adc.o
    0x08001358   0x08001358   0x00000174   Code   RO          829    i.HAL_ADC_IRQHandler  stm32f4xx_hal_adc.o
    0x080014cc   0x080014cc   0x00000068   Code   RO          830    i.HAL_ADC_Init      stm32f4xx_hal_adc.o
    0x08001534   0x08001534   0x00000002   Code   RO          831    i.HAL_ADC_LevelOutOfWindowCallback  stm32f4xx_hal_adc.o
    0x08001536   0x08001536   0x00000002   PAD
    0x08001538   0x08001538   0x00000090   Code   RO          344    i.HAL_ADC_MspInit   adc.o
    0x080015c8   0x080015c8   0x000000c2   Code   RO          834    i.HAL_ADC_PollForConversion  stm32f4xx_hal_adc.o
    0x0800168a   0x0800168a   0x00000002   PAD
    0x0800168c   0x0800168c   0x0000013c   Code   RO          836    i.HAL_ADC_Start     stm32f4xx_hal_adc.o
    0x080017c8   0x080017c8   0x0000002a   Code   RO         2361    i.HAL_CAN_ActivateNotification  stm32f4xx_hal_can.o
    0x080017f2   0x080017f2   0x00000156   Code   RO         2362    i.HAL_CAN_AddTxMessage  stm32f4xx_hal_can.o
    0x08001948   0x08001948   0x00000124   Code   RO         2363    i.HAL_CAN_ConfigFilter  stm32f4xx_hal_can.o
    0x08001a6c   0x08001a6c   0x00000002   Code   RO         2366    i.HAL_CAN_ErrorCallback  stm32f4xx_hal_can.o
    0x08001a6e   0x08001a6e   0x0000017a   Code   RO         2369    i.HAL_CAN_GetRxMessage  stm32f4xx_hal_can.o
    0x08001be8   0x08001be8   0x0000024e   Code   RO         2373    i.HAL_CAN_IRQHandler  stm32f4xx_hal_can.o
    0x08001e36   0x08001e36   0x00000174   Code   RO         2374    i.HAL_CAN_Init      stm32f4xx_hal_can.o
    0x08001faa   0x08001faa   0x00000002   PAD
    0x08001fac   0x08001fac   0x000001a4   Code   RO          400    i.HAL_CAN_MspInit   can.o
    0x08002150   0x08002150   0x00000002   Code   RO         2381    i.HAL_CAN_RxFifo0FullCallback  stm32f4xx_hal_can.o
    0x08002152   0x08002152   0x00000002   PAD
    0x08002154   0x08002154   0x00000058   Code   RO          401    i.HAL_CAN_RxFifo0MsgPendingCallback  can.o
    0x080021ac   0x080021ac   0x00000002   Code   RO         2383    i.HAL_CAN_RxFifo1FullCallback  stm32f4xx_hal_can.o
    0x080021ae   0x080021ae   0x00000002   Code   RO         2384    i.HAL_CAN_RxFifo1MsgPendingCallback  stm32f4xx_hal_can.o
    0x080021b0   0x080021b0   0x00000002   Code   RO         2385    i.HAL_CAN_SleepCallback  stm32f4xx_hal_can.o
    0x080021b2   0x080021b2   0x0000005e   Code   RO         2386    i.HAL_CAN_Start     stm32f4xx_hal_can.o
    0x08002210   0x08002210   0x00000002   Code   RO         2388    i.HAL_CAN_TxMailbox0AbortCallback  stm32f4xx_hal_can.o
    0x08002212   0x08002212   0x00000002   Code   RO         2389    i.HAL_CAN_TxMailbox0CompleteCallback  stm32f4xx_hal_can.o
    0x08002214   0x08002214   0x00000002   Code   RO         2390    i.HAL_CAN_TxMailbox1AbortCallback  stm32f4xx_hal_can.o
    0x08002216   0x08002216   0x00000002   Code   RO         2391    i.HAL_CAN_TxMailbox1CompleteCallback  stm32f4xx_hal_can.o
    0x08002218   0x08002218   0x00000002   Code   RO         2392    i.HAL_CAN_TxMailbox2AbortCallback  stm32f4xx_hal_can.o
    0x0800221a   0x0800221a   0x00000002   Code   RO         2393    i.HAL_CAN_TxMailbox2CompleteCallback  stm32f4xx_hal_can.o
    0x0800221c   0x0800221c   0x00000002   Code   RO         2395    i.HAL_CAN_WakeUpFromRxMsgCallback  stm32f4xx_hal_can.o
    0x0800221e   0x0800221e   0x000000aa   Code   RO         1655    i.HAL_DMA_Abort     stm32f4xx_hal_dma.o
    0x080022c8   0x080022c8   0x00000028   Code   RO         1656    i.HAL_DMA_Abort_IT  stm32f4xx_hal_dma.o
    0x080022f0   0x080022f0   0x00000240   Code   RO         1660    i.HAL_DMA_IRQHandler  stm32f4xx_hal_dma.o
    0x08002530   0x08002530   0x000000ec   Code   RO         1661    i.HAL_DMA_Init      stm32f4xx_hal_dma.o
    0x0800261c   0x0800261c   0x00000092   Code   RO         1665    i.HAL_DMA_Start_IT  stm32f4xx_hal_dma.o
    0x080026ae   0x080026ae   0x00000002   PAD
    0x080026b0   0x080026b0   0x0000021c   Code   RO         1548    i.HAL_GPIO_Init     stm32f4xx_hal_gpio.o
    0x080028cc   0x080028cc   0x0000000c   Code   RO         1552    i.HAL_GPIO_WritePin  stm32f4xx_hal_gpio.o
    0x080028d8   0x080028d8   0x0000000c   Code   RO         2105    i.HAL_GetTick       stm32f4xx_hal.o
    0x080028e4   0x080028e4   0x00000018   Code   RO         2111    i.HAL_IncTick       stm32f4xx_hal.o
    0x080028fc   0x080028fc   0x0000003c   Code   RO         2112    i.HAL_Init          stm32f4xx_hal.o
    0x08002938   0x08002938   0x0000008c   Code   RO          777    i.HAL_InitTick      stm32f4xx_hal_timebase_tim.o
    0x080029c4   0x080029c4   0x00000054   Code   RO          753    i.HAL_MspInit       stm32f4xx_hal_msp.o
    0x08002a18   0x08002a18   0x00000020   Code   RO         1955    i.HAL_NVIC_EnableIRQ  stm32f4xx_hal_cortex.o
    0x08002a38   0x08002a38   0x0000007c   Code   RO         1961    i.HAL_NVIC_SetPriority  stm32f4xx_hal_cortex.o
    0x08002ab4   0x08002ab4   0x00000028   Code   RO         1962    i.HAL_NVIC_SetPriorityGrouping  stm32f4xx_hal_cortex.o
    0x08002adc   0x08002adc   0x0000008c   Code   RO         1884    i.HAL_PWREx_EnableOverDrive  stm32f4xx_hal_pwr_ex.o
    0x08002b68   0x08002b68   0x00000184   Code   RO         1092    i.HAL_RCC_ClockConfig  stm32f4xx_hal_rcc.o
    0x08002cec   0x08002cec   0x00000044   Code   RO         1096    i.HAL_RCC_GetClockConfig  stm32f4xx_hal_rcc.o
    0x08002d30   0x08002d30   0x0000000c   Code   RO         1097    i.HAL_RCC_GetHCLKFreq  stm32f4xx_hal_rcc.o
    0x08002d3c   0x08002d3c   0x00000020   Code   RO         1099    i.HAL_RCC_GetPCLK1Freq  stm32f4xx_hal_rcc.o
    0x08002d5c   0x08002d5c   0x00000020   Code   RO         1100    i.HAL_RCC_GetPCLK2Freq  stm32f4xx_hal_rcc.o
    0x08002d7c   0x08002d7c   0x000000b0   Code   RO         1101    i.HAL_RCC_GetSysClockFreq  stm32f4xx_hal_rcc.o
    0x08002e2c   0x08002e2c   0x00000488   Code   RO         1104    i.HAL_RCC_OscConfig  stm32f4xx_hal_rcc.o
    0x080032b4   0x080032b4   0x00000028   Code   RO         1964    i.HAL_SYSTICK_CLKSourceConfig  stm32f4xx_hal_cortex.o
    0x080032dc   0x080032dc   0x00000002   Code   RO         3282    i.HAL_TIMEx_BreakCallback  stm32f4xx_hal_tim_ex.o
    0x080032de   0x080032de   0x00000002   Code   RO         3283    i.HAL_TIMEx_CommutCallback  stm32f4xx_hal_tim_ex.o
    0x080032e0   0x080032e0   0x000000b4   Code   RO         3300    i.HAL_TIMEx_MasterConfigSynchronization  stm32f4xx_hal_tim_ex.o
    0x08003394   0x08003394   0x00000034   Code   RO         2596    i.HAL_TIM_Base_Init  stm32f4xx_hal_tim.o
    0x080033c8   0x080033c8   0x00000084   Code   RO          485    i.HAL_TIM_Base_MspInit  tim.o
    0x0800344c   0x0800344c   0x0000002a   Code   RO         2601    i.HAL_TIM_Base_Start_IT  stm32f4xx_hal_tim.o
    0x08003476   0x08003476   0x00000108   Code   RO         2605    i.HAL_TIM_ConfigClockSource  stm32f4xx_hal_tim.o
    0x0800357e   0x0800357e   0x00000002   Code   RO         2625    i.HAL_TIM_IC_CaptureCallback  stm32f4xx_hal_tim.o
    0x08003580   0x08003580   0x00000196   Code   RO         2639    i.HAL_TIM_IRQHandler  stm32f4xx_hal_tim.o
    0x08003716   0x08003716   0x00000002   Code   RO         2642    i.HAL_TIM_OC_DelayElapsedCallback  stm32f4xx_hal_tim.o
    0x08003718   0x08003718   0x00000002   Code   RO         2669    i.HAL_TIM_PWM_PulseFinishedCallback  stm32f4xx_hal_tim.o
    0x0800371a   0x0800371a   0x00000002   PAD
    0x0800371c   0x0800371c   0x0000005c   Code   RO            5    i.HAL_TIM_PeriodElapsedCallback  main.o
    0x08003778   0x08003778   0x00000002   Code   RO         2682    i.HAL_TIM_TriggerCallback  stm32f4xx_hal_tim.o
    0x0800377a   0x0800377a   0x00000066   Code   RO         3552    i.HAL_UART_DMAStop  stm32f4xx_hal_uart.o
    0x080037e0   0x080037e0   0x00000002   Code   RO         3554    i.HAL_UART_ErrorCallback  stm32f4xx_hal_uart.o
    0x080037e2   0x080037e2   0x00000002   PAD
    0x080037e4   0x080037e4   0x00000154   Code   RO         3557    i.HAL_UART_IRQHandler  stm32f4xx_hal_uart.o
    0x08003938   0x08003938   0x00000072   Code   RO         3558    i.HAL_UART_Init     stm32f4xx_hal_uart.o
    0x080039aa   0x080039aa   0x00000002   PAD
    0x080039ac   0x080039ac   0x00000254   Code   RO          546    i.HAL_UART_MspInit  usart.o
    0x08003c00   0x08003c00   0x000000c4   Code   RO         3562    i.HAL_UART_Receive_DMA  stm32f4xx_hal_uart.o
    0x08003cc4   0x08003cc4   0x00000002   Code   RO         3564    i.HAL_UART_RxCpltCallback  stm32f4xx_hal_uart.o
    0x08003cc6   0x08003cc6   0x00000002   Code   RO         3565    i.HAL_UART_RxHalfCpltCallback  stm32f4xx_hal_uart.o
    0x08003cc8   0x08003cc8   0x000000d8   Code   RO         3566    i.HAL_UART_Transmit  stm32f4xx_hal_uart.o
    0x08003da0   0x08003da0   0x00000002   Code   RO         3569    i.HAL_UART_TxCpltCallback  stm32f4xx_hal_uart.o
    0x08003da2   0x08003da2   0x00000004   Code   RO          616    i.HardFault_Handler  stm32f4xx_it.o
    0x08003da6   0x08003da6   0x00000002   PAD
    0x08003da8   0x08003da8   0x0000009c   Code   RO         5796    i.LEDPIN_Init       oled.o
    0x08003e44   0x08003e44   0x00000018   Code   RO         5799    i.LED_DLY_ms        oled.o
    0x08003e5c   0x08003e5c   0x0000003a   Code   RO         5800    i.LED_Fill          oled.o
    0x08003e96   0x08003e96   0x00000002   PAD
    0x08003e98   0x08003e98   0x0000009c   Code   RO         5801    i.LED_Init          oled.o
    0x08003f34   0x08003f34   0x00000050   Code   RO         5803    i.LED_P6x8Char      oled.o
    0x08003f84   0x08003f84   0x00000064   Code   RO         5804    i.LED_P6x8Str       oled.o
    0x08003fe8   0x08003fe8   0x0000008a   Code   RO         5808    i.LED_PrintValueC   oled.o
    0x08004072   0x08004072   0x00000002   PAD
    0x08004074   0x08004074   0x0000028c   Code   RO         5809    i.LED_PrintValueF   oled.o
    0x08004300   0x08004300   0x00000126   Code   RO         5810    i.LED_PrintValueFP  oled.o
    0x08004426   0x08004426   0x000000d8   Code   RO         5811    i.LED_PrintValueI   oled.o
    0x080044fe   0x080044fe   0x00000024   Code   RO         5814    i.LED_Set_Pos       oled.o
    0x08004522   0x08004522   0x00000002   PAD
    0x08004524   0x08004524   0x00000054   Code   RO         5815    i.LED_WrCmd         oled.o
    0x08004578   0x08004578   0x00000054   Code   RO         5816    i.LED_WrDat         oled.o
    0x080045cc   0x080045cc   0x00000070   Code   RO          345    i.MX_ADC1_Init      adc.o
    0x0800463c   0x0800463c   0x00000044   Code   RO          402    i.MX_CAN1_Init      can.o
    0x08004680   0x08004680   0x00000040   Code   RO          403    i.MX_CAN2_Init      can.o
    0x080046c0   0x080046c0   0x00000048   Code   RO          460    i.MX_DMA_Init       dma.o
    0x08004708   0x08004708   0x00000038   Code   RO          274    i.MX_FREERTOS_Init  freertos.o
    0x08004740   0x08004740   0x0000015c   Code   RO          245    i.MX_GPIO_Init      gpio.o
    0x0800489c   0x0800489c   0x0000006c   Code   RO          486    i.MX_TIM3_Init      tim.o
    0x08004908   0x08004908   0x0000004c   Code   RO          487    i.MX_TIM7_Init      tim.o
    0x08004954   0x08004954   0x00000038   Code   RO          547    i.MX_USART1_UART_Init  usart.o
    0x0800498c   0x0800498c   0x00000038   Code   RO          548    i.MX_USART3_UART_Init  usart.o
    0x080049c4   0x080049c4   0x00000038   Code   RO          549    i.MX_USART6_UART_Init  usart.o
    0x080049fc   0x080049fc   0x00000004   Code   RO          617    i.MemManage_Handler  stm32f4xx_it.o
    0x08004a00   0x08004a00   0x000000f0   Code   RO         6605    i.Motor_message     gui_task.o
    0x08004af0   0x08004af0   0x00000004   Code   RO          618    i.NMI_Handler       stm32f4xx_it.o
    0x08004af4   0x08004af4   0x0000013e   Code   RO         5759    i.PID_Calc          pid.o
    0x08004c32   0x08004c32   0x00000002   PAD
    0x08004c34   0x08004c34   0x00000040   Code   RO         5760    i.PID_Reset         pid.o
    0x08004c74   0x08004c74   0x00000010   Code   RO         6428    i.RC_abs            chassis_task.o
    0x08004c84   0x08004c84   0x0000010c   Code   RO         6607    i.Robot_message     gui_task.o
    0x08004d90   0x08004d90   0x00000012   Code   RO         5818    i.SetAddressingMode  oled.o
    0x08004da2   0x08004da2   0x00000012   Code   RO         5820    i.SetContrastControl  oled.o
    0x08004db4   0x08004db4   0x0000000e   Code   RO         5823    i.SetStartLine      oled.o
    0x08004dc2   0x08004dc2   0x00000014   Code   RO         5825    i.Set_Charge_Pump   oled.o
    0x08004dd6   0x08004dd6   0x00000014   Code   RO         5826    i.Set_Common_Config  oled.o
    0x08004dea   0x08004dea   0x0000000e   Code   RO         5827    i.Set_Common_Remap  oled.o
    0x08004df8   0x08004df8   0x00000012   Code   RO         5828    i.Set_Display_Clock  oled.o
    0x08004e0a   0x08004e0a   0x00000012   Code   RO         5829    i.Set_Display_Offset  oled.o
    0x08004e1c   0x08004e1c   0x0000000e   Code   RO         5830    i.Set_Display_On_Off  oled.o
    0x08004e2a   0x08004e2a   0x0000000e   Code   RO         5831    i.Set_Entire_Display  oled.o
    0x08004e38   0x08004e38   0x0000000e   Code   RO         5832    i.Set_Inverse_Display  oled.o
    0x08004e46   0x08004e46   0x00000012   Code   RO         5833    i.Set_Multiplex_Ratio  oled.o
    0x08004e58   0x08004e58   0x00000012   Code   RO         5835    i.Set_Precharge_Period  oled.o
    0x08004e6a   0x08004e6a   0x0000000e   Code   RO         5836    i.Set_Segment_Remap  oled.o
    0x08004e78   0x08004e78   0x00000012   Code   RO         5837    i.Set_VCOMH         oled.o
    0x08004e8a   0x08004e8a   0x0000000a   Code   RO          275    i.StartDefaultTask  freertos.o
    0x08004e94   0x08004e94   0x00000034   Code   RO         5561    i.SysTick_Handler   port.o
    0x08004ec8   0x08004ec8   0x000000bc   Code   RO            6    i.SystemClock_Config  main.o
    0x08004f84   0x08004f84   0x0000001c   Code   RO         3865    i.SystemInit        system_stm32f4xx.o
    0x08004fa0   0x08004fa0   0x00000010   Code   RO          619    i.TIM1_UP_TIM10_IRQHandler  stm32f4xx_it.o
    0x08004fb0   0x08004fb0   0x00000010   Code   RO          620    i.TIM3_IRQHandler   stm32f4xx_it.o
    0x08004fc0   0x08004fc0   0x00000010   Code   RO          621    i.TIM7_IRQHandler   stm32f4xx_it.o
    0x08004fd0   0x08004fd0   0x000000d8   Code   RO         2684    i.TIM_Base_SetConfig  stm32f4xx_hal_tim.o
    0x080050a8   0x080050a8   0x00000016   Code   RO         2695    i.TIM_ETR_SetConfig  stm32f4xx_hal_tim.o
    0x080050be   0x080050be   0x00000012   Code   RO         2696    i.TIM_ITRx_SetConfig  stm32f4xx_hal_tim.o
    0x080050d0   0x080050d0   0x00000026   Code   RO         2702    i.TIM_TI1_ConfigInputStage  stm32f4xx_hal_tim.o
    0x080050f6   0x080050f6   0x00000028   Code   RO         2704    i.TIM_TI2_ConfigInputStage  stm32f4xx_hal_tim.o
    0x0800511e   0x0800511e   0x00000014   Code   RO         3571    i.UART_DMAAbortOnError  stm32f4xx_hal_uart.o
    0x08005132   0x08005132   0x00000050   Code   RO         3572    i.UART_DMAError     stm32f4xx_hal_uart.o
    0x08005182   0x08005182   0x00000046   Code   RO         3573    i.UART_DMAReceiveCplt  stm32f4xx_hal_uart.o
    0x080051c8   0x080051c8   0x0000000e   Code   RO         3575    i.UART_DMARxHalfCplt  stm32f4xx_hal_uart.o
    0x080051d6   0x080051d6   0x00000020   Code   RO         3581    i.UART_EndRxTransfer  stm32f4xx_hal_uart.o
    0x080051f6   0x080051f6   0x00000020   Code   RO         3582    i.UART_EndTransmit_IT  stm32f4xx_hal_uart.o
    0x08005216   0x08005216   0x00000014   Code   RO         3583    i.UART_EndTxTransfer  stm32f4xx_hal_uart.o
    0x0800522a   0x0800522a   0x000000a6   Code   RO         3584    i.UART_Receive_IT   stm32f4xx_hal_uart.o
    0x080052d0   0x080052d0   0x000003e8   Code   RO         3585    i.UART_SetConfig    stm32f4xx_hal_uart.o
    0x080056b8   0x080056b8   0x00000068   Code   RO         3586    i.UART_Transmit_IT  stm32f4xx_hal_uart.o
    0x08005720   0x08005720   0x0000006c   Code   RO         3587    i.UART_WaitOnFlagUntilTimeout  stm32f4xx_hal_uart.o
    0x0800578c   0x0800578c   0x000000e0   Code   RO         6724    i.UI_Char           test_task.o
    0x0800586c   0x0800586c   0x000000a8   Code   RO         6725    i.UI_Char_ReFresh   test_task.o
    0x08005914   0x08005914   0x00000134   Code   RO         6730    i.UI_Graphic_ReFresh  test_task.o
    0x08005a48   0x08005a48   0x0000009a   Code   RO         6732    i.UI_Line           test_task.o
    0x08005ae2   0x08005ae2   0x00000002   PAD
    0x08005ae4   0x08005ae4   0x00000010   Code   RO          622    i.USART1_IRQHandler  stm32f4xx_it.o
    0x08005af4   0x08005af4   0x00000014   Code   RO          623    i.USART3_IRQHandler  stm32f4xx_it.o
    0x08005b08   0x08005b08   0x00000010   Code   RO          624    i.USART6_IRQHandler  stm32f4xx_it.o
    0x08005b18   0x08005b18   0x0000005c   Code   RO          550    i.USAR_UART_IDLECallback  usart.o
    0x08005b74   0x08005b74   0x00000004   Code   RO          625    i.UsageFault_Handler  stm32f4xx_it.o
    0x08005b78   0x08005b78   0x0000003c   Code   RO         6214    i.Verify_CRC16_Check_Sum  judge.o
    0x08005bb4   0x08005bb4   0x00000030   Code   RO         6215    i.Verify_CRC8_Check_Sum  judge.o
    0x08005be4   0x08005be4   0x00000028   Code   RO         6975    i.__0sprintf$3      mc_w.l(printf3.o)
    0x08005c0c   0x08005c0c   0x00000030   Code   RO         7243    i.__ARM_fpclassify  m_wm.l(fpclassify.o)
    0x08005c3c   0x08005c3c   0x00000010   Code   RO         1968    i.__NVIC_GetPriorityGrouping  stm32f4xx_hal_cortex.o
    0x08005c4c   0x08005c4c   0x00000028   Code   RO         1969    i.__NVIC_SetPriority  stm32f4xx_hal_cortex.o
    0x08005c74   0x08005c74   0x00000008   Code   RO         7221    i.__aeabi_errno_addr  mc_w.l(errno.o)
    0x08005c7c   0x08005c7c   0x00000006   Code   RO         5066    i.__get_BASEPRI     cmsis_os2.o
    0x08005c82   0x08005c82   0x00000006   Code   RO         5067    i.__get_IPSR        cmsis_os2.o
    0x08005c88   0x08005c88   0x00000006   Code   RO         5068    i.__get_PRIMASK     cmsis_os2.o
    0x08005c8e   0x08005c8e   0x00000002   PAD
    0x08005c90   0x08005c90   0x000000c8   Code   RO         6838    i.__hardfp_cos      m_wm.l(cos.o)
    0x08005d58   0x08005d58   0x000000c8   Code   RO         6850    i.__hardfp_sin      m_wm.l(sin.o)
    0x08005e20   0x08005e20   0x00000438   Code   RO         7186    i.__ieee754_rem_pio2  m_wm.l(rred.o)
    0x08006258   0x08006258   0x00000170   Code   RO         7169    i.__kernel_cos      m_wm.l(cos_i.o)
    0x080063c8   0x080063c8   0x000000f8   Code   RO         7245    i.__kernel_poly     m_wm.l(poly.o)
    0x080064c0   0x080064c0   0x00000130   Code   RO         7191    i.__kernel_sin      m_wm.l(sin_i.o)
    0x080065f0   0x080065f0   0x00000014   Code   RO         7173    i.__mathlib_dbl_infnan  m_wm.l(dunder.o)
    0x08006604   0x08006604   0x00000004   PAD
    0x08006608   0x08006608   0x00000020   Code   RO         7175    i.__mathlib_dbl_invalid  m_wm.l(dunder.o)
    0x08006628   0x08006628   0x00000020   Code   RO         7178    i.__mathlib_dbl_underflow  m_wm.l(dunder.o)
    0x08006648   0x08006648   0x0000000e   Code   RO         7283    i.__scatterload_copy  mc_w.l(handlers.o)
    0x08006656   0x08006656   0x00000002   Code   RO         7284    i.__scatterload_null  mc_w.l(handlers.o)
    0x08006658   0x08006658   0x0000000e   Code   RO         7285    i.__scatterload_zeroinit  mc_w.l(handlers.o)
    0x08006666   0x08006666   0x00000002   PAD
    0x08006668   0x08006668   0x0000000c   Code   RO         7223    i.__set_errno       mc_w.l(errno.o)
    0x08006674   0x08006674   0x000001b8   Code   RO         6980    i._printf_core      mc_w.l(printf3.o)
    0x0800682c   0x0800682c   0x0000000a   Code   RO         6982    i._sputc            mc_w.l(printf3.o)
    0x08006836   0x08006836   0x00000002   PAD
    0x08006838   0x08006838   0x00000060   Code   RO         6082    i.can1_message_progress  can1_app.o
    0x08006898   0x08006898   0x0000005c   Code   RO         6159    i.can2_message_progress  can2_app.o
    0x080068f4   0x080068f4   0x0000006a   Code   RO         6429    i.chassis_control_loop  chassis_task.o
    0x0800695e   0x0800695e   0x000000c0   Code   RO         6430    i.chassis_forwardfeed  chassis_task.o
    0x08006a1e   0x08006a1e   0x00000002   PAD
    0x08006a20   0x08006a20   0x00000064   Code   RO         6431    i.chassis_init      chassis_task.o
    0x08006a84   0x08006a84   0x00000118   Code   RO         6083    i.chassis_motor_msg_process  can1_app.o
    0x08006b9c   0x08006b9c   0x0000006e   Code   RO         6432    i.chassis_pid_calculate  chassis_task.o
    0x08006c0a   0x08006c0a   0x00000002   PAD
    0x08006c0c   0x08006c0c   0x00000040   Code   RO         6433    i.chassis_pid_init  chassis_task.o
    0x08006c4c   0x08006c4c   0x000002b8   Code   RO         6434    i.chassis_set_and_fdb_update  chassis_task.o
    0x08006f04   0x08006f04   0x0000004c   Code   RO         6435    i.chassis_task      chassis_task.o
    0x08006f50   0x08006f50   0x00000014   Code   RO          276    i.configureTimerForRunTimeStats  freertos.o
    0x08006f64   0x08006f64   0x0000005a   Code   RO         6538    i.connect_gyro_data_process  connect_task.o
    0x08006fbe   0x08006fbe   0x0000001e   Code   RO         6539    i.connect_init      connect_task.o
    0x08006fdc   0x08006fdc   0x00000058   Code   RO         6540    i.connect_rc_ctrl_process  connect_task.o
    0x08007034   0x08007034   0x00000024   Code   RO         6541    i.connect_task      connect_task.o
    0x08007058   0x08007058   0x00000044   Code   RO         5641    i.delay_init        delay.o
    0x0800709c   0x0800709c   0x00000040   Code   RO         5642    i.delay_ms          delay.o
    0x080070dc   0x080070dc   0x00000048   Code   RO         5643    i.delay_us          delay.o
    0x08007124   0x08007124   0x00000094   Code   RO         4480    i.eTaskGetState     tasks.o
    0x080071b8   0x080071b8   0x00000018   Code   RO         7239    i.fabs              m_wm.l(fabs.o)
    0x080071d0   0x080071d0   0x00000288   Code   RO         6436    i.forwardfeed       chassis_task.o
    0x08007458   0x08007458   0x00000020   Code   RO          488    i.freertos_run_tim3_configuration  tim.o
    0x08007478   0x08007478   0x0000000c   Code   RO          277    i.getRunTimeCounterValue  freertos.o
    0x08007484   0x08007484   0x00000038   Code   RO          346    i.get_adc1_value    adc.o
    0x080074bc   0x080074bc   0x00000020   Code   RO         6216    i.get_bullets_remaining  judge.o
    0x080074dc   0x080074dc   0x00000008   Code   RO         6084    i.get_cm1_msg_point  can1_app.o
    0x080074e4   0x080074e4   0x00000008   Code   RO         6085    i.get_cm2_msg_point  can1_app.o
    0x080074ec   0x080074ec   0x00000008   Code   RO         6086    i.get_cm3_msg_point  can1_app.o
    0x080074f4   0x080074f4   0x00000008   Code   RO         6087    i.get_cm4_msg_point  can1_app.o
    0x080074fc   0x080074fc   0x00000008   Code   RO         6542    i.get_connect_data_point  connect_task.o
    0x08007504   0x08007504   0x0000050c   Code   RO         6437    i.get_forward_back_value  chassis_task.o
    0x08007a10   0x08007a10   0x00000088   Code   RO         6217    i.get_game_status   judge.o
    0x08007a98   0x08007a98   0x00000058   Code   RO         6218    i.get_power_heart   judge.o
    0x08007af0   0x08007af0   0x00000008   Code   RO         6336    i.get_rc_data_point  remote_app.o
    0x08007af8   0x08007af8   0x0000000e   Code   RO         6219    i.get_referee_warning  judge.o
    0x08007b06   0x08007b06   0x0000001c   Code   RO         6220    i.get_robot_buff    judge.o
    0x08007b22   0x08007b22   0x00000018   Code   RO         6221    i.get_robot_hurt    judge.o
    0x08007b3a   0x08007b3a   0x0000005e   Code   RO         6222    i.get_robot_status  judge.o
    0x08007b98   0x08007b98   0x00000228   Code   RO         6438    i.get_rotate_value  chassis_task.o
    0x08007dc0   0x08007dc0   0x0000002a   Code   RO         6223    i.get_shoot_infor   judge.o
    0x08007dea   0x08007dea   0x00000010   Code   RO         6543    i.get_uiflag_to_chassis  connect_task.o
    0x08007dfa   0x08007dfa   0x00000002   PAD
    0x08007dfc   0x08007dfc   0x00000008   Code   RO         6160    i.get_yaw_motor_msg_point  can2_app.o
    0x08007e04   0x08007e04   0x00000018   Code   RO         6385    i.hurt_init         rule.o
    0x08007e1c   0x08007e1c   0x000000b0   Code   RO          347    i.key_scanf         adc.o
    0x08007ecc   0x08007ecc   0x00000052   Code   RO            7    i.main              main.o
    0x08007f1e   0x08007f1e   0x00000002   PAD
    0x08007f20   0x08007f20   0x00000038   Code   RO         5069    i.osDelay           cmsis_os2.o
    0x08007f58   0x08007f58   0x00000040   Code   RO         5083    i.osKernelInitialize  cmsis_os2.o
    0x08007f98   0x08007f98   0x00000050   Code   RO         5084    i.osKernelLock      cmsis_os2.o
    0x08007fe8   0x08007fe8   0x00000048   Code   RO         5086    i.osKernelStart     cmsis_os2.o
    0x08008030   0x08008030   0x0000005c   Code   RO         5087    i.osKernelUnlock    cmsis_os2.o
    0x0800808c   0x0800808c   0x0000000c   Code   RO         5114    i.osThreadGetId     cmsis_os2.o
    0x08008098   0x08008098   0x000000d4   Code   RO         5119    i.osThreadNew       cmsis_os2.o
    0x0800816c   0x0800816c   0x00000054   Code   RO         5123    i.osThreadTerminate  cmsis_os2.o
    0x080081c0   0x080081c0   0x000000e8   Code   RO         6609    i.power_message     gui_task.o
    0x080082a8   0x080082a8   0x00000148   Code   RO         6224    i.process_judge_message  judge.o
    0x080083f0   0x080083f0   0x00000088   Code   RO         4482    i.prvAddCurrentTaskToDelayedList  tasks.o
    0x08008478   0x08008478   0x000000b8   Code   RO         4483    i.prvAddNewTaskToReadyList  tasks.o
    0x08008530   0x08008530   0x00000074   Code   RO         4890    i.prvCheckForValidListAndQueue  timers.o
    0x080085a4   0x080085a4   0x00000048   Code   RO         4484    i.prvCheckTasksWaitingTermination  tasks.o
    0x080085ec   0x080085ec   0x0000002a   Code   RO         4069    i.prvCopyDataFromQueue  queue.o
    0x08008616   0x08008616   0x0000007e   Code   RO         4070    i.prvCopyDataToQueue  queue.o
    0x08008694   0x08008694   0x00000050   Code   RO         4485    i.prvDeleteTCB      tasks.o
    0x080086e4   0x080086e4   0x00000028   Code   RO         4891    i.prvGetNextExpireTime  timers.o
    0x0800870c   0x0800870c   0x0000007c   Code   RO         5511    i.prvHeapInit       heap_4.o
    0x08008788   0x08008788   0x00000028   Code   RO         4486    i.prvIdleTask       tasks.o
    0x080087b0   0x080087b0   0x0000002a   Code   RO         4073    i.prvInitialiseNewQueue  queue.o
    0x080087da   0x080087da   0x000000c8   Code   RO         4487    i.prvInitialiseNewTask  tasks.o
    0x080088a2   0x080088a2   0x00000002   PAD
    0x080088a4   0x080088a4   0x00000068   Code   RO         4488    i.prvInitialiseTaskLists  tasks.o
    0x0800890c   0x0800890c   0x00000068   Code   RO         5512    i.prvInsertBlockIntoFreeList  heap_4.o
    0x08008974   0x08008974   0x00000058   Code   RO         4893    i.prvInsertTimerInActiveList  timers.o
    0x080089cc   0x080089cc   0x0000001a   Code   RO         4074    i.prvIsQueueEmpty   queue.o
    0x080089e6   0x080089e6   0x0000001e   Code   RO         4075    i.prvIsQueueFull    queue.o
    0x08008a04   0x08008a04   0x00000074   Code   RO         4894    i.prvProcessExpiredTimer  timers.o
    0x08008a78   0x08008a78   0x00000164   Code   RO         4895    i.prvProcessReceivedCommands  timers.o
    0x08008bdc   0x08008bdc   0x00000074   Code   RO         4896    i.prvProcessTimerOrBlockTask  timers.o
    0x08008c50   0x08008c50   0x00000034   Code   RO         4490    i.prvResetNextTaskUnblockTime  tasks.o
    0x08008c84   0x08008c84   0x0000002c   Code   RO         4897    i.prvSampleTimeNow  timers.o
    0x08008cb0   0x08008cb0   0x000000a4   Code   RO         4898    i.prvSwitchTimerLists  timers.o
    0x08008d54   0x08008d54   0x00000040   Code   RO         5562    i.prvTaskExitError  port.o
    0x08008d94   0x08008d94   0x0000001a   Code   RO         4899    i.prvTimerTask      timers.o
    0x08008dae   0x08008dae   0x0000007e   Code   RO         4076    i.prvUnlockQueue    queue.o
    0x08008e2c   0x08008e2c   0x0000013c   Code   RO         5513    i.pvPortMalloc      heap_4.o
    0x08008f68   0x08008f68   0x0000002c   Code   RO         5563    i.pxPortInitialiseStack  port.o
    0x08008f94   0x08008f94   0x0000001c   Code   RO         6610    i.rc_analoy_key_init  gui_task.o
    0x08008fb0   0x08008fb0   0x00000068   Code   RO         6386    i.robot_hurt_analysis  rule.o
    0x08009018   0x08009018   0x00000238   Code   RO         6440    i.rotate_motion_mode_process  chassis_task.o
    0x08009250   0x08009250   0x00000060   Code   RO         6161    i.send_shoot_17mm_data  can2_app.o
    0x080092b0   0x080092b0   0x00000098   Code   RO         6162    i.send_shoot_judge_data  can2_app.o
    0x08009348   0x08009348   0x00000054   Code   RO         6088    i.set_chassis_behaviour  can1_app.o
    0x0800939c   0x0800939c   0x00000044   Code   RO         6090    i.set_chassis_stop  can1_app.o
    0x080093e0   0x080093e0   0x000000bc   Code   RO         6611    i.shoot_message     gui_task.o
    0x0800949c   0x0800949c   0x00000080   Code   RO         6688    i.start_task        start_task.o
    0x0800951c   0x0800951c   0x000005fc   Code   RO         6735    i.test_task         test_task.o
    0x08009b18   0x08009b18   0x00000028   Code   RO         4029    i.uxListRemove      list.o
    0x08009b40   0x08009b40   0x00000018   Code   RO         5131    i.vApplicationGetIdleTaskMemory  cmsis_os2.o
    0x08009b58   0x08009b58   0x00000018   Code   RO         5132    i.vApplicationGetTimerTaskMemory  cmsis_os2.o
    0x08009b70   0x08009b70   0x0000001a   Code   RO         4030    i.vListInitialise   list.o
    0x08009b8a   0x08009b8a   0x00000006   Code   RO         4031    i.vListInitialiseItem  list.o
    0x08009b90   0x08009b90   0x00000034   Code   RO         4032    i.vListInsert       list.o
    0x08009bc4   0x08009bc4   0x00000018   Code   RO         4033    i.vListInsertEnd    list.o
    0x08009bdc   0x08009bdc   0x00000054   Code   RO         5565    i.vPortEnterCritical  port.o
    0x08009c30   0x08009c30   0x0000003c   Code   RO         5566    i.vPortExitCritical  port.o
    0x08009c6c   0x08009c6c   0x00000094   Code   RO         5514    i.vPortFree         heap_4.o
    0x08009d00   0x08009d00   0x00000028   Code   RO         5567    i.vPortSetupTimerInterrupt  port.o
    0x08009d28   0x08009d28   0x00000078   Code   RO         5568    i.vPortValidateInterruptPriority  port.o
    0x08009da0   0x08009da0   0x0000002c   Code   RO         4082    i.vQueueAddToRegistry  queue.o
    0x08009dcc   0x08009dcc   0x0000004a   Code   RO         4086    i.vQueueWaitForMessageRestricted  queue.o
    0x08009e16   0x08009e16   0x00000002   PAD
    0x08009e18   0x08009e18   0x0000005c   Code   RO         4505    i.vTaskDelay        tasks.o
    0x08009e74   0x08009e74   0x000000d4   Code   RO         4506    i.vTaskDelayUntil   tasks.o
    0x08009f48   0x08009f48   0x000000c8   Code   RO         4507    i.vTaskDelete       tasks.o
    0x0800a010   0x0800a010   0x00000018   Code   RO         4511    i.vTaskInternalSetTimeOutState  tasks.o
    0x0800a028   0x0800a028   0x0000000c   Code   RO         4513    i.vTaskMissedYield  tasks.o
    0x0800a034   0x0800a034   0x00000038   Code   RO         4515    i.vTaskPlaceOnEventList  tasks.o
    0x0800a06c   0x0800a06c   0x00000040   Code   RO         4516    i.vTaskPlaceOnEventListRestricted  tasks.o
    0x0800a0ac   0x0800a0ac   0x000000bc   Code   RO         4524    i.vTaskStartScheduler  tasks.o
    0x0800a168   0x0800a168   0x00000010   Code   RO         4526    i.vTaskSuspendAll   tasks.o
    0x0800a178   0x0800a178   0x000000cc   Code   RO         4527    i.vTaskSwitchContext  tasks.o
    0x0800a244   0x0800a244   0x00000168   Code   RO         5569    i.xPortStartScheduler  port.o
    0x0800a3ac   0x0800a3ac   0x000000e0   Code   RO         4092    i.xQueueGenericCreateStatic  queue.o
    0x0800a48c   0x0800a48c   0x00000098   Code   RO         4093    i.xQueueGenericReset  queue.o
    0x0800a524   0x0800a524   0x000001a8   Code   RO         4094    i.xQueueGenericSend  queue.o
    0x0800a6cc   0x0800a6cc   0x000000f8   Code   RO         4095    i.xQueueGenericSendFromISR  queue.o
    0x0800a7c4   0x0800a7c4   0x00000168   Code   RO         4104    i.xQueueReceive     queue.o
    0x0800a92c   0x0800a92c   0x000000a8   Code   RO         4529    i.xTaskCheckForTimeOut  tasks.o
    0x0800a9d4   0x0800a9d4   0x00000064   Code   RO         4530    i.xTaskCreate       tasks.o
    0x0800aa38   0x0800aa38   0x000000ba   Code   RO         4531    i.xTaskCreateStatic  tasks.o
    0x0800aaf2   0x0800aaf2   0x00000002   PAD
    0x0800aaf4   0x0800aaf4   0x0000000c   Code   RO         4534    i.xTaskGetCurrentTaskHandle  tasks.o
    0x0800ab00   0x0800ab00   0x00000020   Code   RO         4536    i.xTaskGetSchedulerState  tasks.o
    0x0800ab20   0x0800ab20   0x0000000c   Code   RO         4537    i.xTaskGetTickCount  tasks.o
    0x0800ab2c   0x0800ab2c   0x00000144   Code   RO         4539    i.xTaskIncrementTick  tasks.o
    0x0800ac70   0x0800ac70   0x000000a4   Code   RO         4542    i.xTaskPriorityDisinherit  tasks.o
    0x0800ad14   0x0800ad14   0x00000098   Code   RO         4544    i.xTaskRemoveFromEventList  tasks.o
    0x0800adac   0x0800adac   0x00000104   Code   RO         4545    i.xTaskResumeAll    tasks.o
    0x0800aeb0   0x0800aeb0   0x00000078   Code   RO         4907    i.xTimerCreateTimerTask  timers.o
    0x0800af28   0x0800af28   0x00000084   Code   RO         4908    i.xTimerGenericCommand  timers.o
    0x0800afac   0x0800afac   0x00000114   Code   RO         6163    i.yaw_motor_msg_process  can2_app.o
    0x0800b0c0   0x0800b0c0   0x00000048   Data   RO          278    .constdata          freertos.o
    0x0800b108   0x0800b108   0x00000008   Data   RO         1667    .constdata          stm32f4xx_hal_dma.o
    0x0800b110   0x0800b110   0x00000018   Data   RO         3866    .constdata          system_stm32f4xx.o
    0x0800b128   0x0800b128   0x0000081a   Data   RO         5840    .constdata          oled.o
    0x0800b942   0x0800b942   0x00000304   Data   RO         6226    .constdata          judge.o
    0x0800bc46   0x0800bc46   0x00000002   PAD
    0x0800bc48   0x0800bc48   0x00000090   Data   RO         6689    .constdata          start_task.o
    0x0800bcd8   0x0800bcd8   0x00000030   Data   RO         7170    .constdata          m_wm.l(cos_i.o)
    0x0800bd08   0x0800bd08   0x000000c8   Data   RO         7188    .constdata          m_wm.l(rred.o)
    0x0800bdd0   0x0800bdd0   0x00000028   Data   RO         7192    .constdata          m_wm.l(sin_i.o)
    0x0800bdf8   0x0800bdf8   0x00000081   Data   RO         7250    .constdata          mc_w.l(ctype_o.o)
    0x0800be79   0x0800be79   0x00000003   PAD
    0x0800be7c   0x0800be7c   0x00000004   Data   RO         7251    .constdata          mc_w.l(ctype_o.o)
    0x0800be80   0x0800be80   0x00000018   Data   RO          279    .conststring        freertos.o
    0x0800be98   0x0800be98   0x00000036   Data   RO         6690    .conststring        start_task.o
    0x0800bece   0x0800bece   0x00000002   PAD
    0x0800bed0   0x0800bed0   0x00000020   Data   RO         7281    Region$$Table       anon$$obj.o


    Execution Region RW_IRAM2 (Exec base: 0x10000000, Load base: 0x0800bf78, Size: 0x00000000, Max: 0x00010000, ABSOLUTE)

    **** No section assigned to this execution region ****


    Execution Region RW_IRAM1 (Exec base: 0x20000000, Load base: 0x0800bef0, Size: 0x00005be0, Max: 0x00030000, ABSOLUTE, COMPRESSED[0x00000088])

    Exec Addr    Load Addr    Size         Type   Attr      Idx    E Section Name        Object

    0x20000000   COMPRESSED   0x00000008   Data   RW          280    .data               freertos.o
    0x20000008   COMPRESSED   0x0000000e   Data   RW          349    .data               adc.o
    0x20000016   COMPRESSED   0x00000002   PAD
    0x20000018   COMPRESSED   0x00000024   Data   RW          405    .data               can.o
    0x2000003c   COMPRESSED   0x00000004   PAD
    0x20000040   COMPRESSED   0x00000008   Data   RW          491    .data               tim.o
    0x20000048   COMPRESSED   0x00000009   Data   RW         2119    .data               stm32f4xx_hal.o
    0x20000051   COMPRESSED   0x00000003   PAD
    0x20000054   COMPRESSED   0x00000004   Data   RW         3867    .data               system_stm32f4xx.o
    0x20000058   COMPRESSED   0x00000044   Data   RW         4548    .data               tasks.o
    0x2000009c   COMPRESSED   0x00000014   Data   RW         4916    .data               timers.o
    0x200000b0   COMPRESSED   0x00000004   Data   RW         5134    .data               cmsis_os2.o
    0x200000b4   COMPRESSED   0x00000018   Data   RW         5519    .data               heap_4.o
    0x200000cc   COMPRESSED   0x0000000c   Data   RW         5570    .data               port.o
    0x200000d8   COMPRESSED   0x00000004   Data   RW         5645    .data               delay.o
    0x200000dc   COMPRESSED   0x00000030   Data   RW         5761    .data               pid.o
    0x2000010c   COMPRESSED   0x00000017   Data   RW         6227    .data               judge.o
    0x20000123   COMPRESSED   0x00000001   PAD
    0x20000124   COMPRESSED   0x0000007c   Data   RW         6443    .data               chassis_task.o
    0x200001a0   COMPRESSED   0x00000001   Data   RW         6613    .data               gui_task.o
    0x200001a1   COMPRESSED   0x00000003   PAD
    0x200001a4   COMPRESSED   0x00000010   Data   RW         6691    .data               start_task.o
    0x200001b4   COMPRESSED   0x00000024   Data   RW         6737    .data               test_task.o
    0x200001d8   COMPRESSED   0x00000004   Data   RW         6868    .data               mc_w.l(rand.o)
    0x200001dc   COMPRESSED   0x00000004   Data   RW         7224    .data               mc_w.l(errno.o)
    0x200001e0        -       0x00000048   Zero   RW          348    .bss                adc.o
    0x20000228        -       0x000000b8   Zero   RW          404    .bss                can.o
    0x200002e0        -       0x00000080   Zero   RW          490    .bss                tim.o
    0x20000360        -       0x00000200   Zero   RW          551    .bss                usart.o
    0x20000560        -       0x00000040   Zero   RW          780    .bss                stm32f4xx_hal_timebase_tim.o
    0x200005a0        -       0x00000040   Zero   RW         4108    .bss                queue.o
    0x200005e0        -       0x000004c4   Zero   RW         4547    .bss                tasks.o
    0x20000aa4        -       0x00000118   Zero   RW         4915    .bss                timers.o
    0x20000bbc        -       0x000006c8   Zero   RW         5133    .bss                cmsis_os2.o
    0x20001284        -       0x00003c00   Zero   RW         5518    .bss                heap_4.o
    0x20004e84        -       0x00000150   Zero   RW         6091    .bss                can1_app.o
    0x20004fd4        -       0x00000054   Zero   RW         6164    .bss                can2_app.o
    0x20005028        -       0x0000004f   Zero   RW         6225    .bss                judge.o
    0x20005077   COMPRESSED   0x00000001   PAD
    0x20005078        -       0x00000018   Zero   RW         6338    .bss                remote_app.o
    0x20005090        -       0x00000014   Zero   RW         6387    .bss                rule.o
    0x200050a4        -       0x000001d4   Zero   RW         6442    .bss                chassis_task.o
    0x20005278        -       0x00000028   Zero   RW         6544    .bss                connect_task.o
    0x200052a0        -       0x0000019c   Zero   RW         6612    .bss                gui_task.o
    0x2000543c        -       0x000003a2   Zero   RW         6736    .bss                test_task.o
    0x200057de   COMPRESSED   0x00000002   PAD
    0x200057e0        -       0x00000400   Zero   RW         6831    STACK               startup_stm32f427xx.o


==============================================================================

Image component sizes


      Code (inc. data)   RO Data    RW Data    ZI Data      Debug   Object Name

       488         56          0         14         72       3254   adc.o
       748         80          0         36        184       4417   can.o
       560         72          0          0        336       6365   can1_app.o
       624         72          0          0         84       4078   can2_app.o
      4420        388          0        124        468      11332   chassis_task.o
       738         50          0          4       1736      32806   cmsis_os2.o
       268         14          0          0         40       5311   connect_task.o
       204         18          0          4          0       2027   delay.o
        72          4          0          0          0        786   dma.o
         0          0          0          0          0      17244   event_groups.o
        98         32         96          8          0      14188   freertos.o
       348         16          0          0          0       1147   gpio.o
      1510        436          0          1        412       6558   gui_task.o
       692         62          0         24      15360       4811   heap_4.o
      1064         56        772         23         79      11654   judge.o
       148          0          0          0          0       3606   list.o
       368         34          0          0          0     792734   main.o
      2328         88       2074          0          0      18497   oled.o
       382          6          0         48          0       2795   pid.o
      1014         92          0         12          0      11769   port.o
      1918         20          0          0         64      17432   queue.o
         8          4          0          0         24       2719   remote_app.o
       128         24          0          0         20       1988   rule.o
       128         48        198         16          0       1773   start_task.o
        36          8        428          0       1024        876   startup_stm32f427xx.o
        96         20          0          9          0       8266   stm32f4xx_hal.o
      1772         58          0          0          0       7853   stm32f4xx_hal_adc.o
         2          0          0          0          0       1021   stm32f4xx_hal_adc_ex.o
      2134          6          0          0          0      14443   stm32f4xx_hal_can.o
       292         22          0          0          0      34328   stm32f4xx_hal_cortex.o
      1434         16          8          0          0       7082   stm32f4xx_hal_dma.o
       552         54          0          0          0       2348   stm32f4xx_hal_gpio.o
        84          6          0          0          0        874   stm32f4xx_hal_msp.o
       140         12          0          0          0       1292   stm32f4xx_hal_pwr_ex.o
      1868         94          0          0          0       6313   stm32f4xx_hal_rcc.o
      1106         46          0          0          0       9595   stm32f4xx_hal_tim.o
       184         30          0          0          0       2517   stm32f4xx_hal_tim_ex.o
       140         18          0          0         64       1487   stm32f4xx_hal_timebase_tim.o
      2622         26          0          0          0      14563   stm32f4xx_hal_uart.o
       266         88          0          0          0      10431   stm32f4xx_it.o
         0          0          0          0          0        392   stream_buffer.o
        28          4         24          4          0       1175   system_stm32f4xx.o
      3494        428          0         68       1220      31578   tasks.o
      2386        230          0         36        930       9517   test_task.o
       348         42          0          8        128       2959   tim.o
      1318        124          0         20        280      31715   timers.o
       856         86          0          0        512       4046   usart.o

    ----------------------------------------------------------------------
     39468       3090       3636        472      23040    1183962   Object Totals
         0          0         32          0          0          0   (incl. Generated)
        54          0          4         13          3          0   (incl. Padding)

    ----------------------------------------------------------------------

      Code (inc. data)   RO Data    RW Data    ZI Data      Debug   Library Member Name

       200         20          0          0          0        164   cos.o
       368         46         48          0          0        200   cos_i.o
        84         16          0          0          0        372   dunder.o
        24          0          0          0          0        124   fabs.o
        48          0          0          0          0        124   fpclassify.o
       248          0          0          0          0        152   poly.o
      1080        142        200          0          0        188   rred.o
       200         20          0          0          0        164   sin.o
       304         24         40          0          0        208   sin_i.o
        86          0          0          0          0          0   __dczerorl2.o
        28          0          0          0          0         68   _chval.o
       158          0          0          0          0         92   _strtoul.o
        26          0          0          0          0         80   atoi.o
         8          4        133          0          0         68   ctype_o.o
         0          0          0          0          0          0   entry.o
         0          0          0          0          0          0   entry10a.o
         0          0          0          0          0          0   entry11a.o
         4          0          0          0          0          0   entry12b.o
         8          4          0          0          0          0   entry2.o
         4          0          0          0          0          0   entry5.o
         0          0          0          0          0          0   entry7b.o
         0          0          0          0          0          0   entry8b.o
         8          4          0          0          0          0   entry9a.o
        20         10          0          4          0        136   errno.o
        30          0          0          0          0          0   handlers.o
        36          8          0          0          0         68   init.o
         0          0          0          0          0          0   iusefp.o
        30          0          0          0          0         68   llshl.o
        36          0          0          0          0         68   llsshr.o
        32          0          0          0          0         68   llushr.o
        36          0          0          0          0         68   memcpya.o
        36          0          0          0          0        108   memseta.o
       490         10          0          0          0        252   printf3.o
        36         10          0          4          0        136   rand.o
        24          0          0          0          0         68   strcat.o
       112          0          0          0          0         88   strtol.o
        44          0          0          0          0         80   uidiv.o
        98          0          0          0          0         92   uldiv.o
        48          0          0          0          0         68   cdrcmple.o
        56          0          0          0          0         88   d2f.o
       334          0          0          0          0        148   dadd.o
       222          0          0          0          0        100   ddiv.o
       186          0          0          0          0        176   depilogue.o
        62          0          0          0          0         80   dfixi.o
        50          0          0          0          0         76   dfixui.o
        34          0          0          0          0         76   dflti.o
        26          0          0          0          0         76   dfltui.o
       228          0          0          0          0         96   dmul.o
        38          0          0          0          0         68   f2d.o
       110          0          0          0          0        168   fepilogue.o

    ----------------------------------------------------------------------
      5352        318        424          8          0       4524   Library Totals
        12          0          3          0          0          0   (incl. Padding)

    ----------------------------------------------------------------------

      Code (inc. data)   RO Data    RW Data    ZI Data      Debug   Library Name

      2556        268        288          0          0       1696   m_wm.l
      1390         50        133          8          0       1608   mc_w.l
      1394          0          0          0          0       1220   mf_w.l

    ----------------------------------------------------------------------
      5352        318        424          8          0       4524   Library Totals

    ----------------------------------------------------------------------

==============================================================================


      Code (inc. data)   RO Data    RW Data    ZI Data      Debug   

     44820       3408       4060        480      23040    1154662   Grand Totals
     44820       3408       4060        136      23040    1154662   ELF Image Totals (compressed)
     44820       3408       4060        136          0          0   ROM Totals

==============================================================================

    Total RO  Size (Code + RO Data)                48880 (  47.73kB)
    Total RW  Size (RW Data + ZI Data)             23520 (  22.97kB)
    Total ROM Size (Code + RO Data + RW Data)      49016 (  47.87kB)

==============================================================================

